Archive member included to satisfy reference by file (symbol)

/opt/st/stm32cubeide_1.5.1/plugins/com.st.stm32cube.ide.mcu.externaltools.gnu-tools-for-stm32.7-2018-q2-update.linux64_1.5.0.202011040924/tools/bin/../lib/gcc/arm-none-eabi/7.3.1/../../../../arm-none-eabi/lib/thumb/v7e-m/fpv4-sp/hard/libc_nano.a(lib_a-errno.o)
                              Core/Src/syscalls.o (__errno)
/opt/st/stm32cubeide_1.5.1/plugins/com.st.stm32cube.ide.mcu.externaltools.gnu-tools-for-stm32.7-2018-q2-update.linux64_1.5.0.202011040924/tools/bin/../lib/gcc/arm-none-eabi/7.3.1/../../../../arm-none-eabi/lib/thumb/v7e-m/fpv4-sp/hard/libc_nano.a(lib_a-exit.o)
                              /opt/st/stm32cubeide_1.5.1/plugins/com.st.stm32cube.ide.mcu.externaltools.gnu-tools-for-stm32.7-2018-q2-update.linux64_1.5.0.202011040924/tools/bin/../lib/gcc/arm-none-eabi/7.3.1/../../../../arm-none-eabi/lib/thumb/v7e-m/fpv4-sp/hard/crt0.o (exit)
/opt/st/stm32cubeide_1.5.1/plugins/com.st.stm32cube.ide.mcu.externaltools.gnu-tools-for-stm32.7-2018-q2-update.linux64_1.5.0.202011040924/tools/bin/../lib/gcc/arm-none-eabi/7.3.1/../../../../arm-none-eabi/lib/thumb/v7e-m/fpv4-sp/hard/libc_nano.a(lib_a-impure.o)
                              /opt/st/stm32cubeide_1.5.1/plugins/com.st.stm32cube.ide.mcu.externaltools.gnu-tools-for-stm32.7-2018-q2-update.linux64_1.5.0.202011040924/tools/bin/../lib/gcc/arm-none-eabi/7.3.1/../../../../arm-none-eabi/lib/thumb/v7e-m/fpv4-sp/hard/libc_nano.a(lib_a-exit.o) (_global_impure_ptr)
/opt/st/stm32cubeide_1.5.1/plugins/com.st.stm32cube.ide.mcu.externaltools.gnu-tools-for-stm32.7-2018-q2-update.linux64_1.5.0.202011040924/tools/bin/../lib/gcc/arm-none-eabi/7.3.1/../../../../arm-none-eabi/lib/thumb/v7e-m/fpv4-sp/hard/libc_nano.a(lib_a-init.o)
                              /opt/st/stm32cubeide_1.5.1/plugins/com.st.stm32cube.ide.mcu.externaltools.gnu-tools-for-stm32.7-2018-q2-update.linux64_1.5.0.202011040924/tools/bin/../lib/gcc/arm-none-eabi/7.3.1/../../../../arm-none-eabi/lib/thumb/v7e-m/fpv4-sp/hard/crt0.o (__libc_init_array)
/opt/st/stm32cubeide_1.5.1/plugins/com.st.stm32cube.ide.mcu.externaltools.gnu-tools-for-stm32.7-2018-q2-update.linux64_1.5.0.202011040924/tools/bin/../lib/gcc/arm-none-eabi/7.3.1/../../../../arm-none-eabi/lib/thumb/v7e-m/fpv4-sp/hard/libc_nano.a(lib_a-memcpy-stub.o)
                              Middlewares/Third_Party/FreeRTOS/Source/CMSIS_RTOS_V2/cmsis_os2.o (memcpy)
/opt/st/stm32cubeide_1.5.1/plugins/com.st.stm32cube.ide.mcu.externaltools.gnu-tools-for-stm32.7-2018-q2-update.linux64_1.5.0.202011040924/tools/bin/../lib/gcc/arm-none-eabi/7.3.1/../../../../arm-none-eabi/lib/thumb/v7e-m/fpv4-sp/hard/libc_nano.a(lib_a-memset.o)
                              /opt/st/stm32cubeide_1.5.1/plugins/com.st.stm32cube.ide.mcu.externaltools.gnu-tools-for-stm32.7-2018-q2-update.linux64_1.5.0.202011040924/tools/bin/../lib/gcc/arm-none-eabi/7.3.1/../../../../arm-none-eabi/lib/thumb/v7e-m/fpv4-sp/hard/crt0.o (memset)
/opt/st/stm32cubeide_1.5.1/plugins/com.st.stm32cube.ide.mcu.externaltools.gnu-tools-for-stm32.7-2018-q2-update.linux64_1.5.0.202011040924/tools/bin/../lib/gcc/arm-none-eabi/7.3.1/thumb/v7e-m/fpv4-sp/hard/libgcc.a(_arm_addsubdf3.o)
                              Core/Src/freertos.o (__aeabi_f2d)
/opt/st/stm32cubeide_1.5.1/plugins/com.st.stm32cube.ide.mcu.externaltools.gnu-tools-for-stm32.7-2018-q2-update.linux64_1.5.0.202011040924/tools/bin/../lib/gcc/arm-none-eabi/7.3.1/thumb/v7e-m/fpv4-sp/hard/libgcc.a(_arm_muldivdf3.o)
                              Core/Src/freertos.o (__aeabi_dmul)
/opt/st/stm32cubeide_1.5.1/plugins/com.st.stm32cube.ide.mcu.externaltools.gnu-tools-for-stm32.7-2018-q2-update.linux64_1.5.0.202011040924/tools/bin/../lib/gcc/arm-none-eabi/7.3.1/thumb/v7e-m/fpv4-sp/hard/libgcc.a(_arm_truncdfsf2.o)
                              Core/Src/freertos.o (__aeabi_d2f)
/opt/st/stm32cubeide_1.5.1/plugins/com.st.stm32cube.ide.mcu.externaltools.gnu-tools-for-stm32.7-2018-q2-update.linux64_1.5.0.202011040924/tools/bin/../lib/gcc/arm-none-eabi/7.3.1/thumb/v7e-m/fpv4-sp/hard/libgcc.a(_aeabi_uldivmod.o)
                              Drivers/STM32F4xx_HAL_Driver/Src/stm32f4xx_hal_rcc.o (__aeabi_uldivmod)
/opt/st/stm32cubeide_1.5.1/plugins/com.st.stm32cube.ide.mcu.externaltools.gnu-tools-for-stm32.7-2018-q2-update.linux64_1.5.0.202011040924/tools/bin/../lib/gcc/arm-none-eabi/7.3.1/thumb/v7e-m/fpv4-sp/hard/libgcc.a(_udivmoddi4.o)
                              /opt/st/stm32cubeide_1.5.1/plugins/com.st.stm32cube.ide.mcu.externaltools.gnu-tools-for-stm32.7-2018-q2-update.linux64_1.5.0.202011040924/tools/bin/../lib/gcc/arm-none-eabi/7.3.1/thumb/v7e-m/fpv4-sp/hard/libgcc.a(_aeabi_uldivmod.o) (__udivmoddi4)
/opt/st/stm32cubeide_1.5.1/plugins/com.st.stm32cube.ide.mcu.externaltools.gnu-tools-for-stm32.7-2018-q2-update.linux64_1.5.0.202011040924/tools/bin/../lib/gcc/arm-none-eabi/7.3.1/thumb/v7e-m/fpv4-sp/hard/libgcc.a(_dvmd_tls.o)
[...]
Memory Configuration

Name             Origin             Length             Attributes
CCMRAM           0x0000000010000000 0x0000000000010000 xrw
RAM              0x0000000020000000 0x0000000000020000 xrw
FLASH            0x0000000008000000 0x0000000000100000 xr
*default*        0x0000000000000000 0xffffffffffffffff

Linker script and memory map

LOAD /opt/st/stm32cubeide_1.5.1/plugins/com.st.stm32cube.ide.mcu.externaltools.gnu-tools-for-stm32.7-2018-q2-update.linux64_1.5.0.202011040924/tools/bin/../lib/gcc/arm-none-eabi/7.3.1/thumb/v7e-m/fpv4-sp/hard/crti.o
LOAD /opt/st/stm32cubeide_1.5.1/plugins/com.st.stm32cube.ide.mcu.externaltools.gnu-tools-for-stm32.7-2018-q2-update.linux64_1.5.0.202011040924/tools/bin/../lib/gcc/arm-none-eabi/7.3.1/thumb/v7e-m/fpv4-sp/hard/crtbegin.o
LOAD /opt/st/stm32cubeide_1.5.1/plugins/com.st.stm32cube.ide.mcu.externaltools.gnu-tools-for-stm32.7-2018-q2-update.linux64_1.5.0.202011040924/tools/bin/../lib/gcc/arm-none-eabi/7.3.1/../../../../arm-none-eabi/lib/thumb/v7e-m/fpv4-sp/hard/crt0.o
LOAD Core/Src/can.o
LOAD Core/Src/dac.o
LOAD Core/Src/freertos.o
LOAD Core/Src/gpio.o
LOAD Core/Src/main.o
LOAD Core/Src/stm32f4xx_hal_msp.o
LOAD Core/Src/stm32f4xx_hal_timebase_tim.o
LOAD Core/Src/stm32f4xx_it.o
LOAD Core/Src/syscalls.o
LOAD Core/Src/sysmem.o
LOAD Core/Src/system_stm32f4xx.o
LOAD Core/Src/tim.o
LOAD Core/Startup/startup_stm32f405rgtx.o
LOAD Drivers/STM32F4xx_HAL_Driver/Src/stm32f4xx_hal.o
LOAD Drivers/STM32F4xx_HAL_Driver/Src/stm32f4xx_hal_can.o
LOAD Drivers/STM32F4xx_HAL_Driver/Src/stm32f4xx_hal_cortex.o
LOAD Drivers/STM32F4xx_HAL_Driver/Src/stm32f4xx_hal_dac.o
LOAD Drivers/STM32F4xx_HAL_Driver/Src/stm32f4xx_hal_dac_ex.o
LOAD Drivers/STM32F4xx_HAL_Driver/Src/stm32f4xx_hal_dma.o
LOAD Drivers/STM32F4xx_HAL_Driver/Src/stm32f4xx_hal_dma_ex.o
LOAD Drivers/STM32F4xx_HAL_Driver/Src/stm32f4xx_hal_exti.o
LOAD Drivers/STM32F4xx_HAL_Driver/Src/stm32f4xx_hal_flash.o
LOAD Drivers/STM32F4xx_HAL_Driver/Src/stm32f4xx_hal_flash_ex.o
LOAD Drivers/STM32F4xx_HAL_Driver/Src/stm32f4xx_hal_flash_ramfunc.o
LOAD Drivers/STM32F4xx_HAL_Driver/Src/stm32f4xx_hal_gpio.o
LOAD Drivers/STM32F4xx_HAL_Driver/Src/stm32f4xx_hal_pwr.o
LOAD Drivers/STM32F4xx_HAL_Driver/Src/stm32f4xx_hal_pwr_ex.o
LOAD Drivers/STM32F4xx_HAL_Driver/Src/stm32f4xx_hal_rcc.o
LOAD Drivers/STM32F4xx_HAL_Driver/Src/stm32f4xx_hal_rcc_ex.o
LOAD Drivers/STM32F4xx_HAL_Driver/Src/stm32f4xx_hal_tim.o
LOAD Drivers/STM32F4xx_HAL_Driver/Src/stm32f4xx_hal_tim_ex.o
LOAD Middlewares/Third_Party/FreeRTOS/Source/CMSIS_RTOS_V2/cmsis_os2.o
LOAD Middlewares/Third_Party/FreeRTOS/Source/croutine.o
LOAD Middlewares/Third_Party/FreeRTOS/Source/event_groups.o
LOAD Middlewares/Third_Party/FreeRTOS/Source/list.o
LOAD Middlewares/Third_Party/FreeRTOS/Source/queue.o
LOAD Middlewares/Third_Party/FreeRTOS/Source/stream_buffer.o
LOAD Middlewares/Third_Party/FreeRTOS/Source/tasks.o
LOAD Middlewares/Third_Party/FreeRTOS/Source/timers.o
LOAD Middlewares/Third_Party/FreeRTOS/Source/portable/GCC/ARM_CM4F/port.o
LOAD Middlewares/Third_Party/FreeRTOS/Source/portable/MemMang/heap_4.o
START GROUP
LOAD /opt/st/stm32cubeide_1.5.1/plugins/com.st.stm32cube.ide.mcu.externaltools.gnu-tools-for-stm32.7-2018-q2-update.linux64_1.5.0.202011040924/tools/bin/../lib/gcc/arm-none-eabi/7.3.1/../../../../arm-none-eabi/lib/thumb/v7e-m/fpv4-sp/hard/libc_nano.a
LOAD /opt/st/stm32cubeide_1.5.1/plugins/com.st.stm32cube.ide.mcu.externaltools.gnu-tools-for-stm32.7-2018-q2-update.linux64_1.5.0.202011040924/tools/bin/../lib/gcc/arm-none-eabi/7.3.1/../../../../arm-none-eabi/lib/thumb/v7e-m/fpv4-sp/hard/libm.a
END GROUP
START GROUP
LOAD /opt/st/stm32cubeide_1.5.1/plugins/com.st.stm32cube.ide.mcu.externaltools.gnu-tools-for-stm32.7-2018-q2-update.linux64_1.5.0.202011040924/tools/bin/../lib/gcc/arm-none-eabi/7.3.1/thumb/v7e-m/fpv4-sp/hard/libgcc.a
LOAD /opt/st/stm32cubeide_1.5.1/plugins/com.st.stm32cube.ide.mcu.externaltools.gnu-tools-for-stm32.7-2018-q2-update.linux64_1.5.0.202011040924/tools/bin/../lib/gcc/arm-none-eabi/7.3.1/../../../../arm-none-eabi/lib/thumb/v7e-m/fpv4-sp/hard/libc_nano.a
END GROUP
START GROUP
LOAD /opt/st/stm32cubeide_1.5.1/plugins/com.st.stm32cube.ide.mcu.externaltools.gnu-tools-for-stm32.7-2018-q2-update.linux64_1.5.0.202011040924/tools/bin/../lib/gcc/arm-none-eabi/7.3.1/thumb/v7e-m/fpv4-sp/hard/libgcc.a
LOAD /opt/st/stm32cubeide_1.5.1/plugins/com.st.stm32cube.ide.mcu.externaltools.gnu-tools-for-stm32.7-2018-q2-update.linux64_1.5.0.202011040924/tools/bin/../lib/gcc/arm-none-eabi/7.3.1/../../../../arm-none-eabi/lib/thumb/v7e-m/fpv4-sp/hard/libc_nano.a
LOAD /opt/st/stm32cubeide_1.5.1/plugins/com.st.stm32cube.ide.mcu.externaltools.gnu-tools-for-stm32.7-2018-q2-update.linux64_1.5.0.202011040924/tools/bin/../lib/gcc/arm-none-eabi/7.3.1/../../../../arm-none-eabi/lib/thumb/v7e-m/fpv4-sp/hard/libnosys.a
END GROUP
START GROUP
LOAD /opt/st/stm32cubeide_1.5.1/plugins/com.st.stm32cube.ide.mcu.externaltools.gnu-tools-for-stm32.7-2018-q2-update.linux64_1.5.0.202011040924/tools/bin/../lib/gcc/arm-none-eabi/7.3.1/thumb/v7e-m/fpv4-sp/hard/libgcc.a
LOAD /opt/st/stm32cubeide_1.5.1/plugins/com.st.stm32cube.ide.mcu.externaltools.gnu-tools-for-stm32.7-2018-q2-update.linux64_1.5.0.202011040924/tools/bin/../lib/gcc/arm-none-eabi/7.3.1/../../../../arm-none-eabi/lib/thumb/v7e-m/fpv4-sp/hard/libc_nano.a
LOAD /opt/st/stm32cubeide_1.5.1/plugins/com.st.stm32cube.ide.mcu.externaltools.gnu-tools-for-stm32.7-2018-q2-update.linux64_1.5.0.202011040924/tools/bin/../lib/gcc/arm-none-eabi/7.3.1/../../../../arm-none-eabi/lib/thumb/v7e-m/fpv4-sp/hard/libnosys.a
END GROUP
LOAD /opt/st/stm32cubeide_1.5.1/plugins/com.st.stm32cube.ide.mcu.externaltools.gnu-tools-for-stm32.7-2018-q2-update.linux64_1.5.0.202011040924/tools/bin/../lib/gcc/arm-none-eabi/7.3.1/thumb/v7e-m/fpv4-sp/hard/crtend.o
LOAD /opt/st/stm32cubeide_1.5.1/plugins/com.st.stm32cube.ide.mcu.externaltools.gnu-tools-for-stm32.7-2018-q2-update.linux64_1.5.0.202011040924/tools/bin/../lib/gcc/arm-none-eabi/7.3.1/thumb/v7e-m/fpv4-sp/hard/crtn.o
                0x0000000020020000                _estack = (ORIGIN (RAM) + LENGTH (RAM))
                0x0000000000000200                _Min_Heap_Size = 0x200
                0x0000000000000400                _Min_Stack_Size = 0x400

.isr_vector     0x0000000008000000      0x188
                0x0000000008000000                . = ALIGN (0x4)
 *(.isr_vector)
 .isr_vector    0x0000000008000000      0x188 Core/Startup/startup_stm32f405rgtx.o
                0x0000000008000000                g_pfnVectors
                0x0000000008000188                . = ALIGN (0x4)

.text           0x0000000008000190     0x6924
                0x0000000008000190                . = ALIGN (0x4)
 *(.text)
 .text          0x0000000008000190       0x40 /opt/st/stm32cubeide_1.5.1/plugins/com.st.stm32cube.ide.mcu.externaltools.gnu-tools-for-stm32.7-2018-q2-update.linux64_1.5.0.202011040924/tools/bin/../lib/gcc/arm-none-eabi/7.3.1/thumb/v7e-m/fpv4-sp/hard/crtbegin.o
 .text          0x00000000080001d0      0x378 /opt/st/stm32cubeide_1.5.1/plugins/com.st.stm32cube.ide.mcu.externaltools.gnu-tools-for-stm32.7-2018-q2-update.linux64_1.5.0.202011040924/tools/bin/../lib/gcc/arm-none-eabi/7.3.1/thumb/v7e-m/fpv4-sp/hard/libgcc.a(_arm_addsubdf3.o)
                0x00000000080001d0                __aeabi_drsub
                0x00000000080001d8                __aeabi_dsub
                0x00000000080001d8                __subdf3
                0x00000000080001dc                __adddf3
                0x00000000080001dc                __aeabi_dadd
                0x0000000008000454                __aeabi_ui2d
                0x0000000008000454                __floatunsidf
                0x0000000008000474                __floatsidf
                0x0000000008000474                __aeabi_i2d
                0x0000000008000498                __extendsfdf2
                0x0000000008000498                __aeabi_f2d
                0x00000000080004dc                __aeabi_ul2d
                0x00000000080004dc                __floatundidf
                0x00000000080004ec                __floatdidf
                0x00000000080004ec                __aeabi_l2d
 .text          0x0000000008000548      0x424 /opt/st/stm32cubeide_1.5.1/plugins/com.st.stm32cube.ide.mcu.externaltools.gnu-tools-for-stm32.7-2018-q2-update.linux64_1.5.0.202011040924/tools/bin/../lib/gcc/arm-none-eabi/7.3.1/thumb/v7e-m/fpv4-sp/hard/libgcc.a(_arm_muldivdf3.o)
                0x0000000008000548                __aeabi_dmul
                0x0000000008000548                __muldf3
                0x000000000800079c                __aeabi_ddiv
                0x000000000800079c                __divdf3
 .text          0x000000000800096c       0xa0 /opt/st/stm32cubeide_1.5.1/plugins/com.st.stm32cube.ide.mcu.externaltools.gnu-tools-for-stm32.7-2018-q2-update.linux64_1.5.0.202011040924/tools/bin/../lib/gcc/arm-none-eabi/7.3.1/thumb/v7e-m/fpv4-sp/hard/libgcc.a(_arm_truncdfsf2.o)
                0x000000000800096c                __aeabi_d2f
                0x000000000800096c                __truncdfsf2
 .text          0x0000000008000a0c       0x30 /opt/st/stm32cubeide_1.5.1/plugins/com.st.stm32cube.ide.mcu.externaltools.gnu-tools-for-stm32.7-2018-q2-update.linux64_1.5.0.202011040924/tools/bin/../lib/gcc/arm-none-eabi/7.3.1/thumb/v7e-m/fpv4-sp/hard/libgcc.a(_aeabi_uldivmod.o)
                0x0000000008000a0c                __aeabi_uldivmod
 .text          0x0000000008000a3c      0x2cc /opt/st/stm32cubeide_1.5.1/plugins/com.st.stm32cube.ide.mcu.externaltools.gnu-tools-for-stm32.7-2018-q2-update.linux64_1.5.0.202011040924/tools/bin/../lib/gcc/arm-none-eabi/7.3.1/thumb/v7e-m/fpv4-sp/hard/libgcc.a(_udivmoddi4.o)
                0x0000000008000a3c                __udivmoddi4
 .text          0x0000000008000d08        0x4 /opt/st/stm32cubeide_1.5.1/plugins/com.st.stm32cube.ide.mcu.externaltools.gnu-tools-for-stm32.7-2018-q2-update.linux64_1.5.0.202011040924/tools/bin/../lib/gcc/arm-none-eabi/7.3.1/thumb/v7e-m/fpv4-sp/hard/libgcc.a(_dvmd_tls.o)
                0x0000000008000d08                __aeabi_ldiv0
                0x0000000008000d08                __aeabi_idiv0
 *(.text*)
 .text.MX_CAN1_Init
                0x0000000008000d0c       0x70 Core/Src/can.o
                0x0000000008000d0c                MX_CAN1_Init
 .text.HAL_CAN_MspInit
                0x0000000008000d7c       0xb0 Core/Src/can.o
                0x0000000008000d7c                HAL_CAN_MspInit
 .text.driverCANFilterInit
                0x0000000008000e2c       0x44 Core/Src/can.o
                0x0000000008000e2c                driverCANFilterInit
 .text.MX_DAC_Init
                0x0000000008000e70       0x54 Core/Src/dac.o
                0x0000000008000e70                MX_DAC_Init
 .text.HAL_DAC_MspInit
                0x0000000008000ec4       0x88 Core/Src/dac.o
                0x0000000008000ec4                HAL_DAC_MspInit
 .text.MX_FREERTOS_Init
                0x0000000008000f4c       0x78 Core/Src/freertos.o
                0x0000000008000f4c                MX_FREERTOS_Init
 .text.StartDefaultTask
                0x0000000008000fc4      0x170 Core/Src/freertos.o
                0x0000000008000fc4                StartDefaultTask
 *fill*         0x0000000008001134        0x4 
 .text.speedCalculationStart
                0x0000000008001138       0x78 Core/Src/freertos.o
                0x0000000008001138                speedCalculationStart
 .text.positionPIDStart
                0x00000000080011b0       0x10 Core/Src/freertos.o
                0x00000000080011b0                positionPIDStart
 .text.speedPIDStart
                0x00000000080011c0       0x34 Core/Src/freertos.o
                0x00000000080011c0                speedPIDStart
 .text.HAL_CAN_RxFifo0MsgPendingCallback
                0x00000000080011f4      0x3d0 Core/Src/freertos.o
                0x00000000080011f4                HAL_CAN_RxFifo0MsgPendingCallback
 .text.MX_GPIO_Init
                0x00000000080015c4       0xa4 Core/Src/gpio.o
                0x00000000080015c4                MX_GPIO_Init
 .text.main     0x0000000008001668       0x6c Core/Src/main.o
                0x0000000008001668                main
 .text.SystemClock_Config
                0x00000000080016d4       0xd4 Core/Src/main.o
                0x00000000080016d4                SystemClock_Config
 .text.HAL_TIM_PeriodElapsedCallback
                0x00000000080017a8       0x1e Core/Src/main.o
                0x00000000080017a8                HAL_TIM_PeriodElapsedCallback
 .text.Error_Handler
                0x00000000080017c6        0x8 Core/Src/main.o
                0x00000000080017c6                Error_Handler
 *fill*         0x00000000080017ce        0x2 
 .text.HAL_MspInit
                0x00000000080017d0       0x68 Core/Src/stm32f4xx_hal_msp.o
                0x00000000080017d0                HAL_MspInit
 .text.HAL_InitTick
                0x0000000008001838       0xb4 Core/Src/stm32f4xx_hal_timebase_tim.o
                0x0000000008001838                HAL_InitTick
 .text.NMI_Handler
                0x00000000080018ec        0x6 Core/Src/stm32f4xx_it.o
                0x00000000080018ec                NMI_Handler
 .text.HardFault_Handler
                0x00000000080018f2        0x6 Core/Src/stm32f4xx_it.o
                0x00000000080018f2                HardFault_Handler
 .text.MemManage_Handler
                0x00000000080018f8        0x6 Core/Src/stm32f4xx_it.o
                0x00000000080018f8                MemManage_Handler
 .text.BusFault_Handler
                0x00000000080018fe        0x6 Core/Src/stm32f4xx_it.o
                0x00000000080018fe                BusFault_Handler
 .text.UsageFault_Handler
                0x0000000008001904        0x6 Core/Src/stm32f4xx_it.o
                0x0000000008001904                UsageFault_Handler
 .text.DebugMon_Handler
                0x000000000800190a        0xe Core/Src/stm32f4xx_it.o
                0x000000000800190a                DebugMon_Handler
 .text.RCC_IRQHandler
                0x0000000008001918        0xe Core/Src/stm32f4xx_it.o
                0x0000000008001918                RCC_IRQHandler
 *fill*         0x0000000008001926        0x2 
 .text.CAN1_TX_IRQHandler
                0x0000000008001928       0x14 Core/Src/stm32f4xx_it.o
                0x0000000008001928                CAN1_TX_IRQHandler
 .text.CAN1_RX0_IRQHandler
                0x000000000800193c       0x14 Core/Src/stm32f4xx_it.o
                0x000000000800193c                CAN1_RX0_IRQHandler
 .text.TIM2_IRQHandler
                0x0000000008001950       0x14 Core/Src/stm32f4xx_it.o
                0x0000000008001950                TIM2_IRQHandler
 .text.SystemInit
                0x0000000008001964       0x2c Core/Src/system_stm32f4xx.o
                0x0000000008001964                SystemInit
 .text.MX_TIM5_Init
                0x0000000008001990       0xa8 Core/Src/tim.o
                0x0000000008001990                MX_TIM5_Init
 .text.HAL_TIM_Encoder_MspInit
                0x0000000008001a38       0x90 Core/Src/tim.o
                0x0000000008001a38                HAL_TIM_Encoder_MspInit
 .text.Reset_Handler
                0x0000000008001ac8       0x50 Core/Startup/startup_stm32f405rgtx.o
                0x0000000008001ac8                Reset_Handler
 .text.Default_Handler
                0x0000000008001b18        0x2 Core/Startup/startup_stm32f405rgtx.o
                0x0000000008001b18                RTC_Alarm_IRQHandler
                0x0000000008001b18                HASH_RNG_IRQHandler
                0x0000000008001b18                EXTI2_IRQHandler
                0x0000000008001b18                TIM8_CC_IRQHandler
                0x0000000008001b18                TIM1_CC_IRQHandler
                0x0000000008001b18                DMA2_Stream5_IRQHandler
                0x0000000008001b18                DMA1_Stream5_IRQHandler
                0x0000000008001b18                PVD_IRQHandler
                0x0000000008001b18                SDIO_IRQHandler
                0x0000000008001b18                TAMP_STAMP_IRQHandler
                0x0000000008001b18                CAN2_RX1_IRQHandler
                0x0000000008001b18                EXTI3_IRQHandler
                0x0000000008001b18                TIM8_TRG_COM_TIM14_IRQHandler
                0x0000000008001b18                TIM1_UP_TIM10_IRQHandler
                0x0000000008001b18                TIM8_UP_TIM13_IRQHandler
                0x0000000008001b18                I2C3_ER_IRQHandler
                0x0000000008001b18                EXTI0_IRQHandler
                0x0000000008001b18                I2C2_EV_IRQHandler
                0x0000000008001b18                DMA1_Stream2_IRQHandler
                0x0000000008001b18                FPU_IRQHandler
                0x0000000008001b18                OTG_HS_WKUP_IRQHandler
                0x0000000008001b18                CAN2_SCE_IRQHandler
                0x0000000008001b18                DMA2_Stream2_IRQHandler
                0x0000000008001b18                SPI1_IRQHandler
                0x0000000008001b18                TIM6_DAC_IRQHandler
                0x0000000008001b18                TIM1_BRK_TIM9_IRQHandler
                0x0000000008001b18                CAN2_RX0_IRQHandler
                0x0000000008001b18                DMA2_Stream3_IRQHandler
                0x0000000008001b18                USART6_IRQHandler
                0x0000000008001b18                USART3_IRQHandler
                0x0000000008001b18                CAN1_RX1_IRQHandler
                0x0000000008001b18                UART5_IRQHandler
                0x0000000008001b18                DMA2_Stream0_IRQHandler
                0x0000000008001b18                TIM4_IRQHandler
                0x0000000008001b18                I2C1_EV_IRQHandler
                0x0000000008001b18                DMA1_Stream6_IRQHandler
                0x0000000008001b18                DMA1_Stream1_IRQHandler
                0x0000000008001b18                UART4_IRQHandler
                0x0000000008001b18                TIM3_IRQHandler
                0x0000000008001b18                TIM8_BRK_TIM12_IRQHandler
                0x0000000008001b18                Default_Handler
                0x0000000008001b18                EXTI15_10_IRQHandler
                0x0000000008001b18                ADC_IRQHandler
                0x0000000008001b18                DMA1_Stream7_IRQHandler
                0x0000000008001b18                TIM7_IRQHandler
                0x0000000008001b18                CAN2_TX_IRQHandler
                0x0000000008001b18                TIM5_IRQHandler
                0x0000000008001b18                DMA2_Stream7_IRQHandler
                0x0000000008001b18                I2C3_EV_IRQHandler
                0x0000000008001b18                EXTI9_5_IRQHandler
                0x0000000008001b18                RTC_WKUP_IRQHandler
                0x0000000008001b18                SPI2_IRQHandler
                0x0000000008001b18                OTG_HS_EP1_IN_IRQHandler
                0x0000000008001b18                DMA1_Stream0_IRQHandler
                0x0000000008001b18                EXTI4_IRQHandler
                0x0000000008001b18                FSMC_IRQHandler
                0x0000000008001b18                OTG_HS_EP1_OUT_IRQHandler
                0x0000000008001b18                WWDG_IRQHandler
                0x0000000008001b18                OTG_FS_WKUP_IRQHandler
                0x0000000008001b18                TIM1_TRG_COM_TIM11_IRQHandler
                0x0000000008001b18                OTG_HS_IRQHandler
                0x0000000008001b18                EXTI1_IRQHandler
                0x0000000008001b18                USART2_IRQHandler
                0x0000000008001b18                I2C2_ER_IRQHandler
                0x0000000008001b18                DMA2_Stream1_IRQHandler
                0x0000000008001b18                CAN1_SCE_IRQHandler
                0x0000000008001b18                FLASH_IRQHandler
                0x0000000008001b18                DMA2_Stream4_IRQHandler
                0x0000000008001b18                USART1_IRQHandler
                0x0000000008001b18                OTG_FS_IRQHandler
                0x0000000008001b18                SPI3_IRQHandler
                0x0000000008001b18                DMA1_Stream4_IRQHandler
                0x0000000008001b18                I2C1_ER_IRQHandler
                0x0000000008001b18                DMA2_Stream6_IRQHandler
                0x0000000008001b18                DMA1_Stream3_IRQHandler
 *fill*         0x0000000008001b1a        0x2 
 .text.HAL_Init
                0x0000000008001b1c       0x44 Drivers/STM32F4xx_HAL_Driver/Src/stm32f4xx_hal.o
                0x0000000008001b1c                HAL_Init
 .text.HAL_IncTick
                0x0000000008001b60       0x28 Drivers/STM32F4xx_HAL_Driver/Src/stm32f4xx_hal.o
                0x0000000008001b60                HAL_IncTick
 .text.HAL_GetTick
                0x0000000008001b88       0x18 Drivers/STM32F4xx_HAL_Driver/Src/stm32f4xx_hal.o
                0x0000000008001b88                HAL_GetTick
 .text.HAL_CAN_Init
                0x0000000008001ba0      0x1f6 Drivers/STM32F4xx_HAL_Driver/Src/stm32f4xx_hal_can.o
                0x0000000008001ba0                HAL_CAN_Init
 *fill*         0x0000000008001d96        0x2 
 .text.HAL_CAN_ConfigFilter
                0x0000000008001d98      0x1c0 Drivers/STM32F4xx_HAL_Driver/Src/stm32f4xx_hal_can.o
                0x0000000008001d98                HAL_CAN_ConfigFilter
 .text.HAL_CAN_Start
                0x0000000008001f58       0x88 Drivers/STM32F4xx_HAL_Driver/Src/stm32f4xx_hal_can.o
                0x0000000008001f58                HAL_CAN_Start
 .text.HAL_CAN_AddTxMessage
                0x0000000008001fe0      0x1b6 Drivers/STM32F4xx_HAL_Driver/Src/stm32f4xx_hal_can.o
                0x0000000008001fe0                HAL_CAN_AddTxMessage
 .text.HAL_CAN_GetTxMailboxesFreeLevel
                0x0000000008002196       0x6a Drivers/STM32F4xx_HAL_Driver/Src/stm32f4xx_hal_can.o
                0x0000000008002196                HAL_CAN_GetTxMailboxesFreeLevel
 .text.HAL_CAN_GetRxMessage
                0x0000000008002200      0x224 Drivers/STM32F4xx_HAL_Driver/Src/stm32f4xx_hal_can.o
                0x0000000008002200                HAL_CAN_GetRxMessage
 .text.HAL_CAN_ActivateNotification
                0x0000000008002424       0x4c Drivers/STM32F4xx_HAL_Driver/Src/stm32f4xx_hal_can.o
                0x0000000008002424                HAL_CAN_ActivateNotification
 .text.HAL_CAN_IRQHandler
                0x0000000008002470      0x362 Drivers/STM32F4xx_HAL_Driver/Src/stm32f4xx_hal_can.o
                0x0000000008002470                HAL_CAN_IRQHandler
 .text.HAL_CAN_TxMailbox0CompleteCallback
                0x00000000080027d2       0x14 Drivers/STM32F4xx_HAL_Driver/Src/stm32f4xx_hal_can.o
                0x00000000080027d2                HAL_CAN_TxMailbox0CompleteCallback
 .text.HAL_CAN_TxMailbox1CompleteCallback
                0x00000000080027e6       0x14 Drivers/STM32F4xx_HAL_Driver/Src/stm32f4xx_hal_can.o
                0x00000000080027e6                HAL_CAN_TxMailbox1CompleteCallback
 .text.HAL_CAN_TxMailbox2CompleteCallback
                0x00000000080027fa       0x14 Drivers/STM32F4xx_HAL_Driver/Src/stm32f4xx_hal_can.o
                0x00000000080027fa                HAL_CAN_TxMailbox2CompleteCallback
 .text.HAL_CAN_TxMailbox0AbortCallback
                0x000000000800280e       0x14 Drivers/STM32F4xx_HAL_Driver/Src/stm32f4xx_hal_can.o
                0x000000000800280e                HAL_CAN_TxMailbox0AbortCallback
 .text.HAL_CAN_TxMailbox1AbortCallback
                0x0000000008002822       0x14 Drivers/STM32F4xx_HAL_Driver/Src/stm32f4xx_hal_can.o
                0x0000000008002822                HAL_CAN_TxMailbox1AbortCallback
 .text.HAL_CAN_TxMailbox2AbortCallback
                0x0000000008002836       0x14 Drivers/STM32F4xx_HAL_Driver/Src/stm32f4xx_hal_can.o
                0x0000000008002836                HAL_CAN_TxMailbox2AbortCallback
 .text.HAL_CAN_RxFifo0FullCallback
                0x000000000800284a       0x14 Drivers/STM32F4xx_HAL_Driver/Src/stm32f4xx_hal_can.o
                0x000000000800284a                HAL_CAN_RxFifo0FullCallback
 .text.HAL_CAN_RxFifo1MsgPendingCallback
                0x000000000800285e       0x14 Drivers/STM32F4xx_HAL_Driver/Src/stm32f4xx_hal_can.o
                0x000000000800285e                HAL_CAN_RxFifo1MsgPendingCallback
 .text.HAL_CAN_RxFifo1FullCallback
                0x0000000008002872       0x14 Drivers/STM32F4xx_HAL_Driver/Src/stm32f4xx_hal_can.o
                0x0000000008002872                HAL_CAN_RxFifo1FullCallback
 .text.HAL_CAN_SleepCallback
                0x0000000008002886       0x14 Drivers/STM32F4xx_HAL_Driver/Src/stm32f4xx_hal_can.o
                0x0000000008002886                HAL_CAN_SleepCallback
 .text.HAL_CAN_WakeUpFromRxMsgCallback
                0x000000000800289a       0x14 Drivers/STM32F4xx_HAL_Driver/Src/stm32f4xx_hal_can.o
                0x000000000800289a                HAL_CAN_WakeUpFromRxMsgCallback
 .text.HAL_CAN_ErrorCallback
                0x00000000080028ae       0x14 Drivers/STM32F4xx_HAL_Driver/Src/stm32f4xx_hal_can.o
                0x00000000080028ae                HAL_CAN_ErrorCallback
 *fill*         0x00000000080028c2        0x2 
 .text.__NVIC_SetPriorityGrouping
                0x00000000080028c4       0x48 Drivers/STM32F4xx_HAL_Driver/Src/stm32f4xx_hal_cortex.o
 .text.__NVIC_GetPriorityGrouping
                0x000000000800290c       0x1c Drivers/STM32F4xx_HAL_Driver/Src/stm32f4xx_hal_cortex.o
 .text.__NVIC_EnableIRQ
                0x0000000008002928       0x3c Drivers/STM32F4xx_HAL_Driver/Src/stm32f4xx_hal_cortex.o
 .text.__NVIC_SetPriority
                0x0000000008002964       0x54 Drivers/STM32F4xx_HAL_Driver/Src/stm32f4xx_hal_cortex.o
 .text.NVIC_EncodePriority
                0x00000000080029b8       0x66 Drivers/STM32F4xx_HAL_Driver/Src/stm32f4xx_hal_cortex.o
 .text.HAL_NVIC_SetPriorityGrouping
                0x0000000008002a1e       0x16 Drivers/STM32F4xx_HAL_Driver/Src/stm32f4xx_hal_cortex.o
                0x0000000008002a1e                HAL_NVIC_SetPriorityGrouping
 .text.HAL_NVIC_SetPriority
                0x0000000008002a34       0x38 Drivers/STM32F4xx_HAL_Driver/Src/stm32f4xx_hal_cortex.o
                0x0000000008002a34                HAL_NVIC_SetPriority
 .text.HAL_NVIC_EnableIRQ
                0x0000000008002a6c       0x1c Drivers/STM32F4xx_HAL_Driver/Src/stm32f4xx_hal_cortex.o
                0x0000000008002a6c                HAL_NVIC_EnableIRQ
 .text.HAL_DAC_Init
                0x0000000008002a88       0x44 Drivers/STM32F4xx_HAL_Driver/Src/stm32f4xx_hal_dac.o
                0x0000000008002a88                HAL_DAC_Init
 .text.HAL_DAC_Start
                0x0000000008002acc       0xcc Drivers/STM32F4xx_HAL_Driver/Src/stm32f4xx_hal_dac.o
                0x0000000008002acc                HAL_DAC_Start
 .text.HAL_DAC_ConfigChannel
                0x0000000008002b98       0x9a Drivers/STM32F4xx_HAL_Driver/Src/stm32f4xx_hal_dac.o
                0x0000000008002b98                HAL_DAC_ConfigChannel
 *fill*         0x0000000008002c32        0x2 
 .text.HAL_GPIO_Init
                0x0000000008002c34      0x334 Drivers/STM32F4xx_HAL_Driver/Src/stm32f4xx_hal_gpio.o
                0x0000000008002c34                HAL_GPIO_Init
 .text.HAL_GPIO_WritePin
                0x0000000008002f68       0x32 Drivers/STM32F4xx_HAL_Driver/Src/stm32f4xx_hal_gpio.o
                0x0000000008002f68                HAL_GPIO_WritePin
 *fill*         0x0000000008002f9a        0x2 
 .text.HAL_RCC_OscConfig
                0x0000000008002f9c      0x4e0 Drivers/STM32F4xx_HAL_Driver/Src/stm32f4xx_hal_rcc.o
                0x0000000008002f9c                HAL_RCC_OscConfig
 .text.HAL_RCC_ClockConfig
                0x000000000800347c      0x1cc Drivers/STM32F4xx_HAL_Driver/Src/stm32f4xx_hal_rcc.o
                0x000000000800347c                HAL_RCC_ClockConfig
 .text.HAL_RCC_GetSysClockFreq
                0x0000000008003648      0x164 Drivers/STM32F4xx_HAL_Driver/Src/stm32f4xx_hal_rcc.o
                0x0000000008003648                HAL_RCC_GetSysClockFreq
 .text.HAL_RCC_GetHCLKFreq
                0x00000000080037ac       0x18 Drivers/STM32F4xx_HAL_Driver/Src/stm32f4xx_hal_rcc.o
                0x00000000080037ac                HAL_RCC_GetHCLKFreq
 .text.HAL_RCC_GetPCLK1Freq
                0x00000000080037c4       0x28 Drivers/STM32F4xx_HAL_Driver/Src/stm32f4xx_hal_rcc.o
                0x00000000080037c4                HAL_RCC_GetPCLK1Freq
 .text.HAL_RCC_GetClockConfig
                0x00000000080037ec       0x64 Drivers/STM32F4xx_HAL_Driver/Src/stm32f4xx_hal_rcc.o
                0x00000000080037ec                HAL_RCC_GetClockConfig
 .text.HAL_TIM_Base_Init
                0x0000000008003850       0x56 Drivers/STM32F4xx_HAL_Driver/Src/stm32f4xx_hal_tim.o
                0x0000000008003850                HAL_TIM_Base_Init
 .text.HAL_TIM_Base_MspInit
                0x00000000080038a6       0x14 Drivers/STM32F4xx_HAL_Driver/Src/stm32f4xx_hal_tim.o
                0x00000000080038a6                HAL_TIM_Base_MspInit
 .text.HAL_TIM_Base_Start_IT
                0x00000000080038ba       0x48 Drivers/STM32F4xx_HAL_Driver/Src/stm32f4xx_hal_tim.o
                0x00000000080038ba                HAL_TIM_Base_Start_IT
 .text.HAL_TIM_Encoder_Init
                0x0000000008003902      0x124 Drivers/STM32F4xx_HAL_Driver/Src/stm32f4xx_hal_tim.o
                0x0000000008003902                HAL_TIM_Encoder_Init
 .text.HAL_TIM_Encoder_Start
                0x0000000008003a26       0x6e Drivers/STM32F4xx_HAL_Driver/Src/stm32f4xx_hal_tim.o
                0x0000000008003a26                HAL_TIM_Encoder_Start
 .text.HAL_TIM_IRQHandler
                0x0000000008003a94      0x210 Drivers/STM32F4xx_HAL_Driver/Src/stm32f4xx_hal_tim.o
                0x0000000008003a94                HAL_TIM_IRQHandler
 .text.HAL_TIM_OC_DelayElapsedCallback
                0x0000000008003ca4       0x14 Drivers/STM32F4xx_HAL_Driver/Src/stm32f4xx_hal_tim.o
                0x0000000008003ca4                HAL_TIM_OC_DelayElapsedCallback
 .text.HAL_TIM_IC_CaptureCallback
                0x0000000008003cb8       0x14 Drivers/STM32F4xx_HAL_Driver/Src/stm32f4xx_hal_tim.o
                0x0000000008003cb8                HAL_TIM_IC_CaptureCallback
 .text.HAL_TIM_PWM_PulseFinishedCallback
                0x0000000008003ccc       0x14 Drivers/STM32F4xx_HAL_Driver/Src/stm32f4xx_hal_tim.o
                0x0000000008003ccc                HAL_TIM_PWM_PulseFinishedCallback
 .text.HAL_TIM_TriggerCallback
                0x0000000008003ce0       0x14 Drivers/STM32F4xx_HAL_Driver/Src/stm32f4xx_hal_tim.o
                0x0000000008003ce0                HAL_TIM_TriggerCallback
 .text.TIM_Base_SetConfig
                0x0000000008003cf4      0x140 Drivers/STM32F4xx_HAL_Driver/Src/stm32f4xx_hal_tim.o
                0x0000000008003cf4                TIM_Base_SetConfig
 .text.TIM_CCxChannelCmd
                0x0000000008003e34       0x4a Drivers/STM32F4xx_HAL_Driver/Src/stm32f4xx_hal_tim.o
                0x0000000008003e34                TIM_CCxChannelCmd
 *fill*         0x0000000008003e7e        0x2 
 .text.HAL_TIMEx_MasterConfigSynchronization
                0x0000000008003e80       0xf8 Drivers/STM32F4xx_HAL_Driver/Src/stm32f4xx_hal_tim_ex.o
                0x0000000008003e80                HAL_TIMEx_MasterConfigSynchronization
 .text.HAL_TIMEx_CommutCallback
                0x0000000008003f78       0x14 Drivers/STM32F4xx_HAL_Driver/Src/stm32f4xx_hal_tim_ex.o
                0x0000000008003f78                HAL_TIMEx_CommutCallback
 .text.HAL_TIMEx_BreakCallback
                0x0000000008003f8c       0x14 Drivers/STM32F4xx_HAL_Driver/Src/stm32f4xx_hal_tim_ex.o
                0x0000000008003f8c                HAL_TIMEx_BreakCallback
 .text.SVC_Setup
                0x0000000008003fa0        0xe Middlewares/Third_Party/FreeRTOS/Source/CMSIS_RTOS_V2/cmsis_os2.o
 *fill*         0x0000000008003fae        0x2 
 .text.osKernelInitialize
                0x0000000008003fb0       0x68 Middlewares/Third_Party/FreeRTOS/Source/CMSIS_RTOS_V2/cmsis_os2.o
                0x0000000008003fb0                osKernelInitialize
 .text.osKernelStart
                0x0000000008004018       0x6c Middlewares/Third_Party/FreeRTOS/Source/CMSIS_RTOS_V2/cmsis_os2.o
                0x0000000008004018                osKernelStart
 .text.osThreadNew
                0x0000000008004084      0x14c Middlewares/Third_Party/FreeRTOS/Source/CMSIS_RTOS_V2/cmsis_os2.o
                0x0000000008004084                osThreadNew
 .text.osDelay  0x00000000080041d0       0x5c Middlewares/Third_Party/FreeRTOS/Source/CMSIS_RTOS_V2/cmsis_os2.o
                0x00000000080041d0                osDelay
 .text.vApplicationGetIdleTaskMemory
                0x000000000800422c       0x34 Middlewares/Third_Party/FreeRTOS/Source/CMSIS_RTOS_V2/cmsis_os2.o
                0x000000000800422c                vApplicationGetIdleTaskMemory
 .text.vApplicationGetTimerTaskMemory
                0x0000000008004260       0x34 Middlewares/Third_Party/FreeRTOS/Source/CMSIS_RTOS_V2/cmsis_os2.o
                0x0000000008004260                vApplicationGetTimerTaskMemory
 .text.vListInitialise
                0x0000000008004294       0x40 Middlewares/Third_Party/FreeRTOS/Source/list.o
                0x0000000008004294                vListInitialise
 .text.vListInitialiseItem
                0x00000000080042d4       0x1a Middlewares/Third_Party/FreeRTOS/Source/list.o
                0x00000000080042d4                vListInitialiseItem
 .text.vListInsertEnd
                0x00000000080042ee       0x48 Middlewares/Third_Party/FreeRTOS/Source/list.o
                0x00000000080042ee                vListInsertEnd
 .text.vListInsert
                0x0000000008004336       0x72 Middlewares/Third_Party/FreeRTOS/Source/list.o
                0x0000000008004336                vListInsert
 .text.uxListRemove
                0x00000000080043a8       0x54 Middlewares/Third_Party/FreeRTOS/Source/list.o
                0x00000000080043a8                uxListRemove
 .text.xQueueGenericReset
                0x00000000080043fc       0xd0 Middlewares/Third_Party/FreeRTOS/Source/queue.o
                0x00000000080043fc                xQueueGenericReset
 .text.xQueueGenericCreateStatic
                0x00000000080044cc       0xe6 Middlewares/Third_Party/FreeRTOS/Source/queue.o
                0x00000000080044cc                xQueueGenericCreateStatic
 .text.prvInitialiseNewQueue
                0x00000000080045b2       0x46 Middlewares/Third_Party/FreeRTOS/Source/queue.o
 .text.xQueueGenericSend
                0x00000000080045f8      0x1f4 Middlewares/Third_Party/FreeRTOS/Source/queue.o
                0x00000000080045f8                xQueueGenericSend
 .text.xQueueGenericSendFromISR
                0x00000000080047ec      0x128 Middlewares/Third_Party/FreeRTOS/Source/queue.o
                0x00000000080047ec                xQueueGenericSendFromISR
 .text.xQueueReceive
                0x0000000008004914      0x1b8 Middlewares/Third_Party/FreeRTOS/Source/queue.o
                0x0000000008004914                xQueueReceive
 .text.prvCopyDataToQueue
                0x0000000008004acc       0xd4 Middlewares/Third_Party/FreeRTOS/Source/queue.o
 .text.prvCopyDataFromQueue
                0x0000000008004ba0       0x4c Middlewares/Third_Party/FreeRTOS/Source/queue.o
 .text.prvUnlockQueue
                0x0000000008004bec       0xa4 Middlewares/Third_Party/FreeRTOS/Source/queue.o
 .text.prvIsQueueEmpty
                0x0000000008004c90       0x2c Middlewares/Third_Party/FreeRTOS/Source/queue.o
 .text.prvIsQueueFull
                0x0000000008004cbc       0x30 Middlewares/Third_Party/FreeRTOS/Source/queue.o
 .text.vQueueAddToRegistry
                0x0000000008004cec       0x50 Middlewares/Third_Party/FreeRTOS/Source/queue.o
                0x0000000008004cec                vQueueAddToRegistry
 .text.vQueueWaitForMessageRestricted
                0x0000000008004d3c       0x68 Middlewares/Third_Party/FreeRTOS/Source/queue.o
                0x0000000008004d3c                vQueueWaitForMessageRestricted
 .text.xTaskCreateStatic
                0x0000000008004da4       0xb4 Middlewares/Third_Party/FreeRTOS/Source/tasks.o
                0x0000000008004da4                xTaskCreateStatic
 .text.xTaskCreate
                0x0000000008004e58       0x8a Middlewares/Third_Party/FreeRTOS/Source/tasks.o
                0x0000000008004e58                xTaskCreate
 .text.prvInitialiseNewTask
                0x0000000008004ee2      0x11c Middlewares/Third_Party/FreeRTOS/Source/tasks.o
 *fill*         0x0000000008004ffe        0x2 
 .text.prvAddNewTaskToReadyList
                0x0000000008005000       0xe0 Middlewares/Third_Party/FreeRTOS/Source/tasks.o
 .text.vTaskDelay
                0x00000000080050e0       0x68 Middlewares/Third_Party/FreeRTOS/Source/tasks.o
                0x00000000080050e0                vTaskDelay
 .text.vTaskStartScheduler
                0x0000000008005148       0xc8 Middlewares/Third_Party/FreeRTOS/Source/tasks.o
                0x0000000008005148                vTaskStartScheduler
 .text.vTaskSuspendAll
                0x0000000008005210       0x1c Middlewares/Third_Party/FreeRTOS/Source/tasks.o
                0x0000000008005210                vTaskSuspendAll
 .text.xTaskResumeAll
                0x000000000800522c      0x138 Middlewares/Third_Party/FreeRTOS/Source/tasks.o
                0x000000000800522c                xTaskResumeAll
 .text.xTaskGetTickCount
                0x0000000008005364       0x20 Middlewares/Third_Party/FreeRTOS/Source/tasks.o
                0x0000000008005364                xTaskGetTickCount
 .text.xTaskIncrementTick
                0x0000000008005384      0x170 Middlewares/Third_Party/FreeRTOS/Source/tasks.o
                0x0000000008005384                xTaskIncrementTick
 .text.vTaskSwitchContext
                0x00000000080054f4       0xb8 Middlewares/Third_Party/FreeRTOS/Source/tasks.o
                0x00000000080054f4                vTaskSwitchContext
 .text.vTaskPlaceOnEventList
                0x00000000080055ac       0x48 Middlewares/Third_Party/FreeRTOS/Source/tasks.o
                0x00000000080055ac                vTaskPlaceOnEventList
 .text.vTaskPlaceOnEventListRestricted
                0x00000000080055f4       0x54 Middlewares/Third_Party/FreeRTOS/Source/tasks.o
                0x00000000080055f4                vTaskPlaceOnEventListRestricted
 .text.xTaskRemoveFromEventList
                0x0000000008005648       0xc4 Middlewares/Third_Party/FreeRTOS/Source/tasks.o
                0x0000000008005648                xTaskRemoveFromEventList
 .text.vTaskInternalSetTimeOutState
                0x000000000800570c       0x2c Middlewares/Third_Party/FreeRTOS/Source/tasks.o
                0x000000000800570c                vTaskInternalSetTimeOutState
 .text.xTaskCheckForTimeOut
                0x0000000008005738       0xc0 Middlewares/Third_Party/FreeRTOS/Source/tasks.o
                0x0000000008005738                xTaskCheckForTimeOut
 .text.vTaskMissedYield
                0x00000000080057f8       0x18 Middlewares/Third_Party/FreeRTOS/Source/tasks.o
                0x00000000080057f8                vTaskMissedYield
 .text.prvIdleTask
                0x0000000008005810       0x30 Middlewares/Third_Party/FreeRTOS/Source/tasks.o
 .text.prvInitialiseTaskLists
                0x0000000008005840       0x80 Middlewares/Third_Party/FreeRTOS/Source/tasks.o
 .text.prvCheckTasksWaitingTermination
                0x00000000080058c0       0x58 Middlewares/Third_Party/FreeRTOS/Source/tasks.o
 .text.prvDeleteTCB
                0x0000000008005918       0x5c Middlewares/Third_Party/FreeRTOS/Source/tasks.o
 .text.prvResetNextTaskUnblockTime
                0x0000000008005974       0x40 Middlewares/Third_Party/FreeRTOS/Source/tasks.o
 .text.xTaskGetSchedulerState
                0x00000000080059b4       0x3c Middlewares/Third_Party/FreeRTOS/Source/tasks.o
                0x00000000080059b4                xTaskGetSchedulerState
 .text.xTaskPriorityDisinherit
                0x00000000080059f0       0xd8 Middlewares/Third_Party/FreeRTOS/Source/tasks.o
                0x00000000080059f0                xTaskPriorityDisinherit
 .text.prvAddCurrentTaskToDelayedList
                0x0000000008005ac8       0xa8 Middlewares/Third_Party/FreeRTOS/Source/tasks.o
 .text.xTimerCreateTimerTask
                0x0000000008005b70       0x90 Middlewares/Third_Party/FreeRTOS/Source/timers.o
                0x0000000008005b70                xTimerCreateTimerTask
 .text.xTimerGenericCommand
                0x0000000008005c00       0x98 Middlewares/Third_Party/FreeRTOS/Source/timers.o
                0x0000000008005c00                xTimerGenericCommand
 .text.prvProcessExpiredTimer
                0x0000000008005c98       0x98 Middlewares/Third_Party/FreeRTOS/Source/timers.o
 .text.prvTimerTask
                0x0000000008005d30       0x24 Middlewares/Third_Party/FreeRTOS/Source/timers.o
 .text.prvProcessTimerOrBlockTask
                0x0000000008005d54       0x9c Middlewares/Third_Party/FreeRTOS/Source/timers.o
 .text.prvGetNextExpireTime
                0x0000000008005df0       0x48 Middlewares/Third_Party/FreeRTOS/Source/timers.o
 .text.prvSampleTimeNow
                0x0000000008005e38       0x40 Middlewares/Third_Party/FreeRTOS/Source/timers.o
 .text.prvInsertTimerInActiveList
                0x0000000008005e78       0x84 Middlewares/Third_Party/FreeRTOS/Source/timers.o
 .text.prvProcessReceivedCommands
                0x0000000008005efc      0x1b8 Middlewares/Third_Party/FreeRTOS/Source/timers.o
 .text.prvSwitchTimerLists
                0x00000000080060b4       0xc8 Middlewares/Third_Party/FreeRTOS/Source/timers.o
 .text.prvCheckForValidListAndQueue
                0x000000000800617c       0x80 Middlewares/Third_Party/FreeRTOS/Source/timers.o
 .text.pxPortInitialiseStack
                0x00000000080061fc       0x68 Middlewares/Third_Party/FreeRTOS/Source/portable/GCC/ARM_CM4F/port.o
                0x00000000080061fc                pxPortInitialiseStack
 .text.prvTaskExitError
                0x0000000008006264       0x54 Middlewares/Third_Party/FreeRTOS/Source/portable/GCC/ARM_CM4F/port.o
 *fill*         0x00000000080062b8        0x8 
 .text.SVC_Handler
                0x00000000080062c0       0x28 Middlewares/Third_Party/FreeRTOS/Source/portable/GCC/ARM_CM4F/port.o
                0x00000000080062c0                SVC_Handler
 .text.prvPortStartFirstTask
                0x00000000080062e8       0x28 Middlewares/Third_Party/FreeRTOS/Source/portable/GCC/ARM_CM4F/port.o
 .text.xPortStartScheduler
                0x0000000008006310      0x13c Middlewares/Third_Party/FreeRTOS/Source/portable/GCC/ARM_CM4F/port.o
                0x0000000008006310                xPortStartScheduler
 .text.vPortEnterCritical
                0x000000000800644c       0x5c Middlewares/Third_Party/FreeRTOS/Source/portable/GCC/ARM_CM4F/port.o
                0x000000000800644c                vPortEnterCritical
 .text.vPortExitCritical
                0x00000000080064a8       0x50 Middlewares/Third_Party/FreeRTOS/Source/portable/GCC/ARM_CM4F/port.o
                0x00000000080064a8                vPortExitCritical
 *fill*         0x00000000080064f8        0x8 
 .text.PendSV_Handler
                0x0000000008006500       0x68 Middlewares/Third_Party/FreeRTOS/Source/portable/GCC/ARM_CM4F/port.o
                0x0000000008006500                PendSV_Handler
 .text.SysTick_Handler
                0x0000000008006568       0x40 Middlewares/Third_Party/FreeRTOS/Source/portable/GCC/ARM_CM4F/port.o
                0x0000000008006568                SysTick_Handler
 .text.vPortSetupTimerInterrupt
                0x00000000080065a8       0x48 Middlewares/Third_Party/FreeRTOS/Source/portable/GCC/ARM_CM4F/port.o
                0x00000000080065a8                vPortSetupTimerInterrupt
 .text.vPortEnableVFP
                0x00000000080065f0       0x14 Middlewares/Third_Party/FreeRTOS/Source/portable/GCC/ARM_CM4F/port.o
 .text.vPortValidateInterruptPriority
                0x0000000008006604       0x7c Middlewares/Third_Party/FreeRTOS/Source/portable/GCC/ARM_CM4F/port.o
                0x0000000008006604                vPortValidateInterruptPriority
 .text.pvPortMalloc
                0x0000000008006680      0x184 Middlewares/Third_Party/FreeRTOS/Source/portable/MemMang/heap_4.o
                0x0000000008006680                pvPortMalloc
 .text.vPortFree
                0x0000000008006804       0xb0 Middlewares/Third_Party/FreeRTOS/Source/portable/MemMang/heap_4.o
                0x0000000008006804                vPortFree
 .text.prvHeapInit
                0x00000000080068b4       0xc4 Middlewares/Third_Party/FreeRTOS/Source/portable/MemMang/heap_4.o
 .text.prvInsertBlockIntoFreeList
                0x0000000008006978       0xb4 Middlewares/Third_Party/FreeRTOS/Source/portable/MemMang/heap_4.o
 .text.__libc_init_array
                0x0000000008006a2c       0x48 /opt/st/stm32cubeide_1.5.1/plugins/com.st.stm32cube.ide.mcu.externaltools.gnu-tools-for-stm32.7-2018-q2-update.linux64_1.5.0.202011040924/tools/bin/../lib/gcc/arm-none-eabi/7.3.1/../../../../arm-none-eabi/lib/thumb/v7e-m/fpv4-sp/hard/libc_nano.a(lib_a-init.o)
                0x0000000008006a2c                __libc_init_array
 .text.memcpy   0x0000000008006a74       0x16 /opt/st/stm32cubeide_1.5.1/plugins/com.st.stm32cube.ide.mcu.externaltools.gnu-tools-for-stm32.7-2018-q2-update.linux64_1.5.0.202011040924/tools/bin/../lib/gcc/arm-none-eabi/7.3.1/../../../../arm-none-eabi/lib/thumb/v7e-m/fpv4-sp/hard/libc_nano.a(lib_a-memcpy-stub.o)
                0x0000000008006a74                memcpy
 .text.memset   0x0000000008006a8a       0x10 /opt/st/stm32cubeide_1.5.1/plugins/com.st.stm32cube.ide.mcu.externaltools.gnu-tools-for-stm32.7-2018-q2-update.linux64_1.5.0.202011040924/tools/bin/../lib/gcc/arm-none-eabi/7.3.1/../../../../arm-none-eabi/lib/thumb/v7e-m/fpv4-sp/hard/libc_nano.a(lib_a-memset.o)
                0x0000000008006a8a                memset
 *(.glue_7)
 .glue_7        0x0000000008006a9a        0x0 linker stubs
 *(.glue_7t)
 .glue_7t       0x0000000008006a9a        0x0 linker stubs
 *(.eh_frame)
 *fill*         0x0000000008006a9a        0x2 
 .eh_frame      0x0000000008006a9c        0x0 /opt/st/stm32cubeide_1.5.1/plugins/com.st.stm32cube.ide.mcu.externaltools.gnu-tools-for-stm32.7-2018-q2-update.linux64_1.5.0.202011040924/tools/bin/../lib/gcc/arm-none-eabi/7.3.1/thumb/v7e-m/fpv4-sp/hard/crtbegin.o
 *(.init)
 .init          0x0000000008006a9c        0x4 /opt/st/stm32cubeide_1.5.1/plugins/com.st.stm32cube.ide.mcu.externaltools.gnu-tools-for-stm32.7-2018-q2-update.linux64_1.5.0.202011040924/tools/bin/../lib/gcc/arm-none-eabi/7.3.1/thumb/v7e-m/fpv4-sp/hard/crti.o
                0x0000000008006a9c                _init
 .init          0x0000000008006aa0        0x8 /opt/st/stm32cubeide_1.5.1/plugins/com.st.stm32cube.ide.mcu.externaltools.gnu-tools-for-stm32.7-2018-q2-update.linux64_1.5.0.202011040924/tools/bin/../lib/gcc/arm-none-eabi/7.3.1/thumb/v7e-m/fpv4-sp/hard/crtn.o
 *(.fini)
 .fini          0x0000000008006aa8        0x4 /opt/st/stm32cubeide_1.5.1/plugins/com.st.stm32cube.ide.mcu.externaltools.gnu-tools-for-stm32.7-2018-q2-update.linux64_1.5.0.202011040924/tools/bin/../lib/gcc/arm-none-eabi/7.3.1/thumb/v7e-m/fpv4-sp/hard/crti.o
                0x0000000008006aa8                _fini
 .fini          0x0000000008006aac        0x8 /opt/st/stm32cubeide_1.5.1/plugins/com.st.stm32cube.ide.mcu.externaltools.gnu-tools-for-stm32.7-2018-q2-update.linux64_1.5.0.202011040924/tools/bin/../lib/gcc/arm-none-eabi/7.3.1/thumb/v7e-m/fpv4-sp/hard/crtn.o
                0x0000000008006ab4                . = ALIGN (0x4)
                0x0000000008006ab4                _etext = .

.vfp11_veneer   0x0000000008006ab4        0x0
 .vfp11_veneer  0x0000000008006ab4        0x0 linker stubs

.v4_bx          0x0000000008006ab4        0x0
 .v4_bx         0x0000000008006ab4        0x0 linker stubs

.iplt           0x0000000008006ab4        0x0
 .iplt          0x0000000008006ab4        0x0 /opt/st/stm32cubeide_1.5.1/plugins/com.st.stm32cube.ide.mcu.externaltools.gnu-tools-for-stm32.7-2018-q2-update.linux64_1.5.0.202011040924/tools/bin/../lib/gcc/arm-none-eabi/7.3.1/thumb/v7e-m/fpv4-sp/hard/crtbegin.o

.rodata         0x0000000008006ab4       0xf0
                0x0000000008006ab4                . = ALIGN (0x4)
 *(.rodata)
 .rodata        0x0000000008006ab4       0x2f Core/Src/freertos.o
 *fill*         0x0000000008006ae3        0x1 
 .rodata        0x0000000008006ae4        0x5 Middlewares/Third_Party/FreeRTOS/Source/tasks.o
 *fill*         0x0000000008006ae9        0x3 
 .rodata        0x0000000008006aec        0xd Middlewares/Third_Party/FreeRTOS/Source/timers.o
 *(.rodata*)
 *fill*         0x0000000008006af9        0x3 
 .rodata.defaultTask_attributes
                0x0000000008006afc       0x24 Core/Src/freertos.o
                0x0000000008006afc                defaultTask_attributes
 .rodata.speedTask_attributes
                0x0000000008006b20       0x24 Core/Src/freertos.o
                0x0000000008006b20                speedTask_attributes
 .rodata.posPIDTask_attributes
                0x0000000008006b44       0x24 Core/Src/freertos.o
                0x0000000008006b44                posPIDTask_attributes
 .rodata.spdPIDTask_attributes
                0x0000000008006b68       0x24 Core/Src/freertos.o
                0x0000000008006b68                spdPIDTask_attributes
 .rodata.AHBPrescTable
                0x0000000008006b8c       0x10 Core/Src/system_stm32f4xx.o
                0x0000000008006b8c                AHBPrescTable
 .rodata.APBPrescTable
                0x0000000008006b9c        0x8 Core/Src/system_stm32f4xx.o
                0x0000000008006b9c                APBPrescTable
                0x0000000008006ba4                . = ALIGN (0x4)

.ARM.extab      0x0000000008006ba4        0x0
                0x0000000008006ba4                . = ALIGN (0x4)
 *(.ARM.extab* .gnu.linkonce.armextab.*)
                0x0000000008006ba4                . = ALIGN (0x4)

.ARM            0x0000000008006ba4        0x8
                0x0000000008006ba4                . = ALIGN (0x4)
                0x0000000008006ba4                __exidx_start = .
 *(.ARM.exidx*)
 .ARM.exidx     0x0000000008006ba4        0x8 /opt/st/stm32cubeide_1.5.1/plugins/com.st.stm32cube.ide.mcu.externaltools.gnu-tools-for-stm32.7-2018-q2-update.linux64_1.5.0.202011040924/tools/bin/../lib/gcc/arm-none-eabi/7.3.1/thumb/v7e-m/fpv4-sp/hard/libgcc.a(_udivmoddi4.o)
                0x0000000008006bac                __exidx_end = .
                0x0000000008006bac                . = ALIGN (0x4)

.rel.dyn        0x0000000008006bac        0x0
 .rel.iplt      0x0000000008006bac        0x0 /opt/st/stm32cubeide_1.5.1/plugins/com.st.stm32cube.ide.mcu.externaltools.gnu-tools-for-stm32.7-2018-q2-update.linux64_1.5.0.202011040924/tools/bin/../lib/gcc/arm-none-eabi/7.3.1/thumb/v7e-m/fpv4-sp/hard/crtbegin.o

.preinit_array  0x0000000008006bac        0x0
                0x0000000008006bac                . = ALIGN (0x4)
                0x0000000008006bac                PROVIDE (__preinit_array_start = .)
 *(.preinit_array*)
                0x0000000008006bac                PROVIDE (__preinit_array_end = .)
                0x0000000008006bac                . = ALIGN (0x4)

.init_array     0x0000000008006bac        0x4
                0x0000000008006bac                . = ALIGN (0x4)
                0x0000000008006bac                PROVIDE (__init_array_start = .)
 *(SORT_BY_NAME(.init_array.*))
 *(.init_array*)
 .init_array    0x0000000008006bac        0x4 /opt/st/stm32cubeide_1.5.1/plugins/com.st.stm32cube.ide.mcu.externaltools.gnu-tools-for-stm32.7-2018-q2-update.linux64_1.5.0.202011040924/tools/bin/../lib/gcc/arm-none-eabi/7.3.1/thumb/v7e-m/fpv4-sp/hard/crtbegin.o
                0x0000000008006bb0                PROVIDE (__init_array_end = .)
                0x0000000008006bb0                . = ALIGN (0x4)

.fini_array     0x0000000008006bb0        0x4
                0x0000000008006bb0                . = ALIGN (0x4)
                [!provide]                        PROVIDE (__fini_array_start = .)
 *(SORT_BY_NAME(.fini_array.*))
 *(.fini_array*)
 .fini_array    0x0000000008006bb0        0x4 /opt/st/stm32cubeide_1.5.1/plugins/com.st.stm32cube.ide.mcu.externaltools.gnu-tools-for-stm32.7-2018-q2-update.linux64_1.5.0.202011040924/tools/bin/../lib/gcc/arm-none-eabi/7.3.1/thumb/v7e-m/fpv4-sp/hard/crtbegin.o
                [!provide]                        PROVIDE (__fini_array_end = .)
                0x0000000008006bb4                . = ALIGN (0x4)
                0x0000000008006bb4                _sidata = LOADADDR (.data)

.data           0x0000000020000000       0x20 load address 0x0000000008006bb4
                0x0000000020000000                . = ALIGN (0x4)
                0x0000000020000000                _sdata = .
 *(.data)
 *(.data*)
 .data.positionProportionalRatio
                0x0000000020000000        0x4 Core/Src/freertos.o
                0x0000000020000000                positionProportionalRatio
 .data.speedProportionalRatio
                0x0000000020000004        0x4 Core/Src/freertos.o
                0x0000000020000004                speedProportionalRatio
 .data.desiredPosition
                0x0000000020000008        0x4 Core/Src/freertos.o
                0x0000000020000008                desiredPosition
 .data.desiredSpeed
                0x000000002000000c        0x4 Core/Src/freertos.o
                0x000000002000000c                desiredSpeed
 .data.SystemCoreClock
                0x0000000020000010        0x4 Core/Src/system_stm32f4xx.o
                0x0000000020000010                SystemCoreClock
 .data.uwTickPrio
                0x0000000020000014        0x4 Drivers/STM32F4xx_HAL_Driver/Src/stm32f4xx_hal.o
                0x0000000020000014                uwTickPrio
 .data.uwTickFreq
                0x0000000020000018        0x1 Drivers/STM32F4xx_HAL_Driver/Src/stm32f4xx_hal.o
                0x0000000020000018                uwTickFreq
 *fill*         0x0000000020000019        0x3 
 .data.uxCriticalNesting
                0x000000002000001c        0x4 Middlewares/Third_Party/FreeRTOS/Source/portable/GCC/ARM_CM4F/port.o
 *(.RamFunc)
 *(.RamFunc*)
                0x0000000020000020                . = ALIGN (0x4)
                0x0000000020000020                _edata = .

.igot.plt       0x0000000020000020        0x0 load address 0x0000000008006bd4
 .igot.plt      0x0000000020000020        0x0 /opt/st/stm32cubeide_1.5.1/plugins/com.st.stm32cube.ide.mcu.externaltools.gnu-tools-for-stm32.7-2018-q2-update.linux64_1.5.0.202011040924/tools/bin/../lib/gcc/arm-none-eabi/7.3.1/thumb/v7e-m/fpv4-sp/hard/crtbegin.o
                0x0000000020000020                . = ALIGN (0x4)

.bss            0x0000000020000020     0x4ab8 load address 0x0000000008006bd4
                0x0000000020000020                _sbss = .
                0x0000000020000020                __bss_start__ = _sbss
 *(.bss)
 .bss           0x0000000020000020       0x1c /opt/st/stm32cubeide_1.5.1/plugins/com.st.stm32cube.ide.mcu.externaltools.gnu-tools-for-stm32.7-2018-q2-update.linux64_1.5.0.202011040924/tools/bin/../lib/gcc/arm-none-eabi/7.3.1/thumb/v7e-m/fpv4-sp/hard/crtbegin.o
 *(.bss*)
 .bss.positionIntegralRatio
                0x000000002000003c        0x4 Core/Src/freertos.o
                0x000000002000003c                positionIntegralRatio
 .bss.positionDifferentialRatio
                0x0000000020000040        0x4 Core/Src/freertos.o
                0x0000000020000040                positionDifferentialRatio
 .bss.speedIntegralRatio
                0x0000000020000044        0x4 Core/Src/freertos.o
                0x0000000020000044                speedIntegralRatio
 .bss.speedDifferentialRatio
                0x0000000020000048        0x4 Core/Src/freertos.o
                0x0000000020000048                speedDifferentialRatio
 .bss.currentTime
                0x000000002000004c        0x4 Core/Src/freertos.o
                0x000000002000004c                currentTime
 .bss.regulatorForce
                0x0000000020000050        0x4 Core/Src/freertos.o
                0x0000000020000050                regulatorForce
 .bss.currentPosition
                0x0000000020000054        0x4 Core/Src/freertos.o
                0x0000000020000054                currentPosition
 .bss.previousPosition
                0x0000000020000058        0x4 Core/Src/freertos.o
                0x0000000020000058                previousPosition
 .bss.currentPositionError
                0x000000002000005c        0x4 Core/Src/freertos.o
                0x000000002000005c                currentPositionError
 .bss.previousPositionError
                0x0000000020000060        0x4 Core/Src/freertos.o
                0x0000000020000060                previousPositionError
 .bss.positionErrorDifferential
                0x0000000020000064        0x4 Core/Src/freertos.o
                0x0000000020000064                positionErrorDifferential
 .bss.positionErrorIntegral
                0x0000000020000068        0x4 Core/Src/freertos.o
                0x0000000020000068                positionErrorIntegral
 .bss.positionRegulatorForce
                0x000000002000006c        0x4 Core/Src/freertos.o
                0x000000002000006c                positionRegulatorForce
 .bss.currentSpeed
                0x0000000020000070        0x4 Core/Src/freertos.o
                0x0000000020000070                currentSpeed
 .bss.previousSpeed
                0x0000000020000074        0x4 Core/Src/freertos.o
                0x0000000020000074                previousSpeed
 .bss.currentSpeedError
                0x0000000020000078        0x4 Core/Src/freertos.o
                0x0000000020000078                currentSpeedError
 .bss.previousSpeedError
                0x000000002000007c        0x4 Core/Src/freertos.o
                0x000000002000007c                previousSpeedError
 .bss.speedErrorDifferential
                0x0000000020000080        0x4 Core/Src/freertos.o
                0x0000000020000080                speedErrorDifferential
 .bss.speedErrorIntegral
                0x0000000020000084        0x4 Core/Src/freertos.o
                0x0000000020000084                speedErrorIntegral
 .bss.speedRegulatorForce
                0x0000000020000088        0x4 Core/Src/freertos.o
                0x0000000020000088                speedRegulatorForce
 .bss.cleanPlotBool
                0x000000002000008c        0x1 Core/Src/freertos.o
                0x000000002000008c                cleanPlotBool
 *fill*         0x000000002000008d        0x3 
 .bss.KernelState
                0x0000000020000090        0x4 Middlewares/Third_Party/FreeRTOS/Source/CMSIS_RTOS_V2/cmsis_os2.o
 .bss.Idle_TCB  0x0000000020000094       0x5c Middlewares/Third_Party/FreeRTOS/Source/CMSIS_RTOS_V2/cmsis_os2.o
 .bss.Idle_Stack
                0x00000000200000f0      0x200 Middlewares/Third_Party/FreeRTOS/Source/CMSIS_RTOS_V2/cmsis_os2.o
 .bss.Timer_TCB
                0x00000000200002f0       0x5c Middlewares/Third_Party/FreeRTOS/Source/CMSIS_RTOS_V2/cmsis_os2.o
 .bss.Timer_Stack
                0x000000002000034c      0x400 Middlewares/Third_Party/FreeRTOS/Source/CMSIS_RTOS_V2/cmsis_os2.o
 .bss.pxCurrentTCB
                0x000000002000074c        0x4 Middlewares/Third_Party/FreeRTOS/Source/tasks.o
                0x000000002000074c                pxCurrentTCB
 .bss.pxReadyTasksLists
                0x0000000020000750      0x460 Middlewares/Third_Party/FreeRTOS/Source/tasks.o
 .bss.xDelayedTaskList1
                0x0000000020000bb0       0x14 Middlewares/Third_Party/FreeRTOS/Source/tasks.o
 .bss.xDelayedTaskList2
                0x0000000020000bc4       0x14 Middlewares/Third_Party/FreeRTOS/Source/tasks.o
 .bss.pxDelayedTaskList
                0x0000000020000bd8        0x4 Middlewares/Third_Party/FreeRTOS/Source/tasks.o
 .bss.pxOverflowDelayedTaskList
                0x0000000020000bdc        0x4 Middlewares/Third_Party/FreeRTOS/Source/tasks.o
 .bss.xPendingReadyList
                0x0000000020000be0       0x14 Middlewares/Third_Party/FreeRTOS/Source/tasks.o
 .bss.xTasksWaitingTermination
                0x0000000020000bf4       0x14 Middlewares/Third_Party/FreeRTOS/Source/tasks.o
 .bss.uxDeletedTasksWaitingCleanUp
                0x0000000020000c08        0x4 Middlewares/Third_Party/FreeRTOS/Source/tasks.o
 .bss.xSuspendedTaskList
                0x0000000020000c0c       0x14 Middlewares/Third_Party/FreeRTOS/Source/tasks.o
 .bss.uxCurrentNumberOfTasks
                0x0000000020000c20        0x4 Middlewares/Third_Party/FreeRTOS/Source/tasks.o
 .bss.xTickCount
                0x0000000020000c24        0x4 Middlewares/Third_Party/FreeRTOS/Source/tasks.o
 .bss.uxTopReadyPriority
                0x0000000020000c28        0x4 Middlewares/Third_Party/FreeRTOS/Source/tasks.o
 .bss.xSchedulerRunning
                0x0000000020000c2c        0x4 Middlewares/Third_Party/FreeRTOS/Source/tasks.o
 .bss.uxPendedTicks
                0x0000000020000c30        0x4 Middlewares/Third_Party/FreeRTOS/Source/tasks.o
 .bss.xYieldPending
                0x0000000020000c34        0x4 Middlewares/Third_Party/FreeRTOS/Source/tasks.o
 .bss.xNumOfOverflows
                0x0000000020000c38        0x4 Middlewares/Third_Party/FreeRTOS/Source/tasks.o
 .bss.uxTaskNumber
                0x0000000020000c3c        0x4 Middlewares/Third_Party/FreeRTOS/Source/tasks.o
 .bss.xNextTaskUnblockTime
                0x0000000020000c40        0x4 Middlewares/Third_Party/FreeRTOS/Source/tasks.o
 .bss.xIdleTaskHandle
                0x0000000020000c44        0x4 Middlewares/Third_Party/FreeRTOS/Source/tasks.o
 .bss.uxSchedulerSuspended
                0x0000000020000c48        0x4 Middlewares/Third_Party/FreeRTOS/Source/tasks.o
 .bss.xActiveTimerList1
                0x0000000020000c4c       0x14 Middlewares/Third_Party/FreeRTOS/Source/timers.o
 .bss.xActiveTimerList2
                0x0000000020000c60       0x14 Middlewares/Third_Party/FreeRTOS/Source/timers.o
 .bss.pxCurrentTimerList
                0x0000000020000c74        0x4 Middlewares/Third_Party/FreeRTOS/Source/timers.o
 .bss.pxOverflowTimerList
                0x0000000020000c78        0x4 Middlewares/Third_Party/FreeRTOS/Source/timers.o
 .bss.xTimerQueue
                0x0000000020000c7c        0x4 Middlewares/Third_Party/FreeRTOS/Source/timers.o
 .bss.xTimerTaskHandle
                0x0000000020000c80        0x4 Middlewares/Third_Party/FreeRTOS/Source/timers.o
 .bss.xLastTime.6741
                0x0000000020000c84        0x4 Middlewares/Third_Party/FreeRTOS/Source/timers.o
 .bss.ucStaticTimerQueueStorage.6792
                0x0000000020000c88       0xa0 Middlewares/Third_Party/FreeRTOS/Source/timers.o
 .bss.xStaticTimerQueue.6791
                0x0000000020000d28       0x50 Middlewares/Third_Party/FreeRTOS/Source/timers.o
 .bss.ucMaxSysCallPriority
                0x0000000020000d78        0x1 Middlewares/Third_Party/FreeRTOS/Source/portable/GCC/ARM_CM4F/port.o
 *fill*         0x0000000020000d79        0x3 
 .bss.ulMaxPRIGROUPValue
                0x0000000020000d7c        0x4 Middlewares/Third_Party/FreeRTOS/Source/portable/GCC/ARM_CM4F/port.o
 .bss.ucHeap    0x0000000020000d80     0x3c00 Middlewares/Third_Party/FreeRTOS/Source/portable/MemMang/heap_4.o
 .bss.xStart    0x0000000020004980        0x8 Middlewares/Third_Party/FreeRTOS/Source/portable/MemMang/heap_4.o
 .bss.pxEnd     0x0000000020004988        0x4 Middlewares/Third_Party/FreeRTOS/Source/portable/MemMang/heap_4.o
 .bss.xFreeBytesRemaining
                0x000000002000498c        0x4 Middlewares/Third_Party/FreeRTOS/Source/portable/MemMang/heap_4.o
 .bss.xMinimumEverFreeBytesRemaining
                0x0000000020004990        0x4 Middlewares/Third_Party/FreeRTOS/Source/portable/MemMang/heap_4.o
 .bss.xBlockAllocatedBit
                0x0000000020004994        0x4 Middlewares/Third_Party/FreeRTOS/Source/portable/MemMang/heap_4.o
 *(COMMON)
 COMMON         0x0000000020004998       0x28 Core/Src/can.o
                0x0000000020004998                hcan1
 COMMON         0x00000000200049c0       0x14 Core/Src/dac.o
                0x00000000200049c0                hdac
 COMMON         0x00000000200049d4       0x40 Core/Src/freertos.o
                0x00000000200049d4                defaultTaskHandle
                0x00000000200049d8                posPIDTaskHandle
                0x00000000200049dc                msgHeader
                0x00000000200049f8                voltage
                0x00000000200049fc                TxData
                0x0000000020004a04                speedTaskHandle
                0x0000000020004a08                RxData
                0x0000000020004a10                spdPIDTaskHandle
 COMMON         0x0000000020004a14       0x40 Core/Src/stm32f4xx_hal_timebase_tim.o
                0x0000000020004a14                htim2
 COMMON         0x0000000020004a54       0x40 Core/Src/tim.o
                0x0000000020004a54                htim5
 COMMON         0x0000000020004a94        0x4 Drivers/STM32F4xx_HAL_Driver/Src/stm32f4xx_hal.o
                0x0000000020004a94                uwTick
 COMMON         0x0000000020004a98       0x40 Middlewares/Third_Party/FreeRTOS/Source/queue.o
                0x0000000020004a98                xQueueRegistry
                0x0000000020004ad8                . = ALIGN (0x4)
                0x0000000020004ad8                _ebss = .
                0x0000000020004ad8                __bss_end__ = _ebss

._user_heap_stack
                0x0000000020004ad8      0x600 load address 0x0000000008006bd4
                0x0000000020004ad8                . = ALIGN (0x8)
                [!provide]                        PROVIDE (end = .)
                0x0000000020004ad8                PROVIDE (_end = .)
                0x0000000020004cd8                . = (. + _Min_Heap_Size)
 *fill*         0x0000000020004ad8      0x200 
                0x00000000200050d8                . = (. + _Min_Stack_Size)
 *fill*         0x0000000020004cd8      0x400 
                0x00000000200050d8                . = ALIGN (0x8)

/DISCARD/
 libc.a(*)
 libm.a(*)
 libgcc.a(*)

.ARM.attributes
                0x0000000000000000       0x30
 *(.ARM.attributes)
 .ARM.attributes
                0x0000000000000000       0x22 /opt/st/stm32cubeide_1.5.1/plugins/com.st.stm32cube.ide.mcu.externaltools.gnu-tools-for-stm32.7-2018-q2-update.linux64_1.5.0.202011040924/tools/bin/../lib/gcc/arm-none-eabi/7.3.1/thumb/v7e-m/fpv4-sp/hard/crti.o
 .ARM.attributes
                0x0000000000000022       0x34 /opt/st/stm32cubeide_1.5.1/plugins/com.st.stm32cube.ide.mcu.externaltools.gnu-tools-for-stm32.7-2018-q2-update.linux64_1.5.0.202011040924/tools/bin/../lib/gcc/arm-none-eabi/7.3.1/thumb/v7e-m/fpv4-sp/hard/crtbegin.o
 .ARM.attributes
                0x0000000000000056       0x39 Core/Src/can.o
 .ARM.attributes
                0x000000000000008f       0x39 Core/Src/dac.o
 .ARM.attributes
                0x00000000000000c8       0x39 Core/Src/freertos.o
 .ARM.attributes
                0x0000000000000101       0x39 Core/Src/gpio.o
 .ARM.attributes
                0x000000000000013a       0x39 Core/Src/main.o
 .ARM.attributes
                0x0000000000000173       0x39 Core/Src/stm32f4xx_hal_msp.o
 .ARM.attributes
                0x00000000000001ac       0x39 Core/Src/stm32f4xx_hal_timebase_tim.o
 .ARM.attributes
                0x00000000000001e5       0x39 Core/Src/stm32f4xx_it.o
 .ARM.attributes
                0x000000000000021e       0x39 Core/Src/system_stm32f4xx.o
 .ARM.attributes
                0x0000000000000257       0x39 Core/Src/tim.o
 .ARM.attributes
                0x0000000000000290       0x21 Core/Startup/startup_stm32f405rgtx.o
 .ARM.attributes
                0x00000000000002b1       0x39 Drivers/STM32F4xx_HAL_Driver/Src/stm32f4xx_hal.o
 .ARM.attributes
                0x00000000000002ea       0x39 Drivers/STM32F4xx_HAL_Driver/Src/stm32f4xx_hal_can.o
 .ARM.attributes
                0x0000000000000323       0x39 Drivers/STM32F4xx_HAL_Driver/Src/stm32f4xx_hal_cortex.o
 .ARM.attributes
                0x000000000000035c       0x39 Drivers/STM32F4xx_HAL_Driver/Src/stm32f4xx_hal_dac.o
 .ARM.attributes
                0x0000000000000395       0x39 Drivers/STM32F4xx_HAL_Driver/Src/stm32f4xx_hal_gpio.o
 .ARM.attributes
                0x00000000000003ce       0x39 Drivers/STM32F4xx_HAL_Driver/Src/stm32f4xx_hal_rcc.o
 .ARM.attributes
                0x0000000000000407       0x39 Drivers/STM32F4xx_HAL_Driver/Src/stm32f4xx_hal_tim.o
 .ARM.attributes
                0x0000000000000440       0x39 Drivers/STM32F4xx_HAL_Driver/Src/stm32f4xx_hal_tim_ex.o
 .ARM.attributes
                0x0000000000000479       0x39 Middlewares/Third_Party/FreeRTOS/Source/CMSIS_RTOS_V2/cmsis_os2.o
 .ARM.attributes
                0x00000000000004b2       0x39 Middlewares/Third_Party/FreeRTOS/Source/list.o
 .ARM.attributes
                0x00000000000004eb       0x39 Middlewares/Third_Party/FreeRTOS/Source/queue.o
 .ARM.attributes
                0x0000000000000524       0x39 Middlewares/Third_Party/FreeRTOS/Source/tasks.o
 .ARM.attributes
                0x000000000000055d       0x39 Middlewares/Third_Party/FreeRTOS/Source/timers.o
 .ARM.attributes
                0x0000000000000596       0x39 Middlewares/Third_Party/FreeRTOS/Source/portable/GCC/ARM_CM4F/port.o
 .ARM.attributes
                0x00000000000005cf       0x39 Middlewares/Third_Party/FreeRTOS/Source/portable/MemMang/heap_4.o
 .ARM.attributes
                0x0000000000000608       0x34 /opt/st/stm32cubeide_1.5.1/plugins/com.st.stm32cube.ide.mcu.externaltools.gnu-tools-for-stm32.7-2018-q2-update.linux64_1.5.0.202011040924/tools/bin/../lib/gcc/arm-none-eabi/7.3.1/../../../../arm-none-eabi/lib/thumb/v7e-m/fpv4-sp/hard/libc_nano.a(lib_a-init.o)
 .ARM.attributes
                0x000000000000063c       0x34 /opt/st/stm32cubeide_1.5.1/plugins/com.st.stm32cube.ide.mcu.externaltools.gnu-tools-for-stm32.7-2018-q2-update.linux64_1.5.0.202011040924/tools/bin/../lib/gcc/arm-none-eabi/7.3.1/../../../../arm-none-eabi/lib/thumb/v7e-m/fpv4-sp/hard/libc_nano.a(lib_a-memcpy-stub.o)
 .ARM.attributes
                0x0000000000000670       0x34 /opt/st/stm32cubeide_1.5.1/plugins/com.st.stm32cube.ide.mcu.externaltools.gnu-tools-for-stm32.7-2018-q2-update.linux64_1.5.0.202011040924/tools/bin/../lib/gcc/arm-none-eabi/7.3.1/../../../../arm-none-eabi/lib/thumb/v7e-m/fpv4-sp/hard/libc_nano.a(lib_a-memset.o)
 .ARM.attributes
                0x00000000000006a4       0x22 /opt/st/stm32cubeide_1.5.1/plugins/com.st.stm32cube.ide.mcu.externaltools.gnu-tools-for-stm32.7-2018-q2-update.linux64_1.5.0.202011040924/tools/bin/../lib/gcc/arm-none-eabi/7.3.1/thumb/v7e-m/fpv4-sp/hard/libgcc.a(_arm_addsubdf3.o)
 .ARM.attributes
                0x00000000000006c6       0x22 /opt/st/stm32cubeide_1.5.1/plugins/com.st.stm32cube.ide.mcu.externaltools.gnu-tools-for-stm32.7-2018-q2-update.linux64_1.5.0.202011040924/tools/bin/../lib/gcc/arm-none-eabi/7.3.1/thumb/v7e-m/fpv4-sp/hard/libgcc.a(_arm_muldivdf3.o)
 .ARM.attributes
                0x00000000000006e8       0x22 /opt/st/stm32cubeide_1.5.1/plugins/com.st.stm32cube.ide.mcu.externaltools.gnu-tools-for-stm32.7-2018-q2-update.linux64_1.5.0.202011040924/tools/bin/../lib/gcc/arm-none-eabi/7.3.1/thumb/v7e-m/fpv4-sp/hard/libgcc.a(_arm_truncdfsf2.o)
 .ARM.attributes
                0x000000000000070a       0x22 /opt/st/stm32cubeide_1.5.1/plugins/com.st.stm32cube.ide.mcu.externaltools.gnu-tools-for-stm32.7-2018-q2-update.linux64_1.5.0.202011040924/tools/bin/../lib/gcc/arm-none-eabi/7.3.1/thumb/v7e-m/fpv4-sp/hard/libgcc.a(_aeabi_uldivmod.o)
 .ARM.attributes
                0x000000000000072c       0x34 /opt/st/stm32cubeide_1.5.1/plugins/com.st.stm32cube.ide.mcu.externaltools.gnu-tools-for-stm32.7-2018-q2-update.linux64_1.5.0.202011040924/tools/bin/../lib/gcc/arm-none-eabi/7.3.1/thumb/v7e-m/fpv4-sp/hard/libgcc.a(_udivmoddi4.o)
 .ARM.attributes
                0x0000000000000760       0x22 /opt/st/stm32cubeide_1.5.1/plugins/com.st.stm32cube.ide.mcu.externaltools.gnu-tools-for-stm32.7-2018-q2-update.linux64_1.5.0.202011040924/tools/bin/../lib/gcc/arm-none-eabi/7.3.1/thumb/v7e-m/fpv4-sp/hard/libgcc.a(_dvmd_tls.o)
 .ARM.attributes
                0x0000000000000782       0x22 /opt/st/stm32cubeide_1.5.1/plugins/com.st.stm32cube.ide.mcu.externaltools.gnu-tools-for-stm32.7-2018-q2-update.linux64_1.5.0.202011040924/tools/bin/../lib/gcc/arm-none-eabi/7.3.1/thumb/v7e-m/fpv4-sp/hard/crtn.o
OUTPUT(ROS-DRIVER-STM.elf elf32-littlearm)

.debug_info     0x0000000000000000    0x1a69e
 .debug_info    0x0000000000000000      0xc06 Core/Src/can.o
 .debug_info    0x0000000000000c06      0x99f Core/Src/dac.o
 .debug_info    0x00000000000015a5     0x1531 Core/Src/freertos.o
 .debug_info    0x0000000000002ad6      0x4ac Core/Src/gpio.o
 .debug_info    0x0000000000002f82      0xf4a Core/Src/main.o
 .debug_info    0x0000000000003ecc      0x574 Core/Src/stm32f4xx_hal_msp.o
 .debug_info    0x0000000000004440      0xb1b Core/Src/stm32f4xx_hal_timebase_tim.o
 .debug_info    0x0000000000004f5b      0xa91 Core/Src/stm32f4xx_it.o
 .debug_info    0x00000000000059ec      0x554 Core/Src/system_stm32f4xx.o
 .debug_info    0x0000000000005f40      0xb37 Core/Src/tim.o
 .debug_info    0x0000000000006a77       0x22 Core/Startup/startup_stm32f405rgtx.o
 .debug_info    0x0000000000006a99      0x933 Drivers/STM32F4xx_HAL_Driver/Src/stm32f4xx_hal.o
 .debug_info    0x00000000000073cc      0xfa7 Drivers/STM32F4xx_HAL_Driver/Src/stm32f4xx_hal_can.o
 .debug_info    0x0000000000008373      0xe16 Drivers/STM32F4xx_HAL_Driver/Src/stm32f4xx_hal_cortex.o
 .debug_info    0x0000000000009189      0xa3a Drivers/STM32F4xx_HAL_Driver/Src/stm32f4xx_hal_dac.o
 .debug_info    0x0000000000009bc3      0x7b5 Drivers/STM32F4xx_HAL_Driver/Src/stm32f4xx_hal_gpio.o
 .debug_info    0x000000000000a378      0x904 Drivers/STM32F4xx_HAL_Driver/Src/stm32f4xx_hal_rcc.o
 .debug_info    0x000000000000ac7c     0x24a9 Drivers/STM32F4xx_HAL_Driver/Src/stm32f4xx_hal_tim.o
 .debug_info    0x000000000000d125     0x1157 Drivers/STM32F4xx_HAL_Driver/Src/stm32f4xx_hal_tim_ex.o
 .debug_info    0x000000000000e27c     0x401f Middlewares/Third_Party/FreeRTOS/Source/CMSIS_RTOS_V2/cmsis_os2.o
 .debug_info    0x000000000001229b      0xacb Middlewares/Third_Party/FreeRTOS/Source/list.o
 .debug_info    0x0000000000012d66     0x239c Middlewares/Third_Party/FreeRTOS/Source/queue.o
 .debug_info    0x0000000000015102     0x29c5 Middlewares/Third_Party/FreeRTOS/Source/tasks.o
 .debug_info    0x0000000000017ac7     0x1aba Middlewares/Third_Party/FreeRTOS/Source/timers.o
 .debug_info    0x0000000000019581      0x533 Middlewares/Third_Party/FreeRTOS/Source/portable/GCC/ARM_CM4F/port.o
 .debug_info    0x0000000000019ab4      0xbea Middlewares/Third_Party/FreeRTOS/Source/portable/MemMang/heap_4.o

.debug_abbrev   0x0000000000000000     0x354f
 .debug_abbrev  0x0000000000000000      0x1d2 Core/Src/can.o
 .debug_abbrev  0x00000000000001d2      0x1b5 Core/Src/dac.o
 .debug_abbrev  0x0000000000000387      0x291 Core/Src/freertos.o
 .debug_abbrev  0x0000000000000618      0x134 Core/Src/gpio.o
 .debug_abbrev  0x000000000000074c      0x202 Core/Src/main.o
 .debug_abbrev  0x000000000000094e      0x112 Core/Src/stm32f4xx_hal_msp.o
 .debug_abbrev  0x0000000000000a60      0x19d Core/Src/stm32f4xx_hal_timebase_tim.o
 .debug_abbrev  0x0000000000000bfd      0x194 Core/Src/stm32f4xx_it.o
 .debug_abbrev  0x0000000000000d91      0x12b Core/Src/system_stm32f4xx.o
 .debug_abbrev  0x0000000000000ebc      0x1c6 Core/Src/tim.o
 .debug_abbrev  0x0000000000001082       0x12 Core/Startup/startup_stm32f405rgtx.o
 .debug_abbrev  0x0000000000001094      0x1c7 Drivers/STM32F4xx_HAL_Driver/Src/stm32f4xx_hal.o
 .debug_abbrev  0x000000000000125b      0x21d Drivers/STM32F4xx_HAL_Driver/Src/stm32f4xx_hal_can.o
 .debug_abbrev  0x0000000000001478      0x2fa Drivers/STM32F4xx_HAL_Driver/Src/stm32f4xx_hal_cortex.o
 .debug_abbrev  0x0000000000001772      0x1e4 Drivers/STM32F4xx_HAL_Driver/Src/stm32f4xx_hal_dac.o
 .debug_abbrev  0x0000000000001956      0x1c9 Drivers/STM32F4xx_HAL_Driver/Src/stm32f4xx_hal_gpio.o
 .debug_abbrev  0x0000000000001b1f      0x245 Drivers/STM32F4xx_HAL_Driver/Src/stm32f4xx_hal_rcc.o
 .debug_abbrev  0x0000000000001d64      0x230 Drivers/STM32F4xx_HAL_Driver/Src/stm32f4xx_hal_tim.o
 .debug_abbrev  0x0000000000001f94      0x21e Drivers/STM32F4xx_HAL_Driver/Src/stm32f4xx_hal_tim_ex.o
 .debug_abbrev  0x00000000000021b2      0x3c3 Middlewares/Third_Party/FreeRTOS/Source/CMSIS_RTOS_V2/cmsis_os2.o
 .debug_abbrev  0x0000000000002575      0x1cf Middlewares/Third_Party/FreeRTOS/Source/list.o
 .debug_abbrev  0x0000000000002744      0x336 Middlewares/Third_Party/FreeRTOS/Source/queue.o
 .debug_abbrev  0x0000000000002a7a      0x350 Middlewares/Third_Party/FreeRTOS/Source/tasks.o
 .debug_abbrev  0x0000000000002dca      0x2d7 Middlewares/Third_Party/FreeRTOS/Source/timers.o
 .debug_abbrev  0x00000000000030a1      0x210 Middlewares/Third_Party/FreeRTOS/Source/portable/GCC/ARM_CM4F/port.o
 .debug_abbrev  0x00000000000032b1      0x29e Middlewares/Third_Party/FreeRTOS/Source/portable/MemMang/heap_4.o

.debug_aranges  0x0000000000000000     0x1388
 .debug_aranges
                0x0000000000000000       0x38 Core/Src/can.o
 .debug_aranges
                0x0000000000000038       0x30 Core/Src/dac.o
 .debug_aranges
                0x0000000000000068       0x48 Core/Src/freertos.o
 .debug_aranges
                0x00000000000000b0       0x20 Core/Src/gpio.o
 .debug_aranges
                0x00000000000000d0       0x38 Core/Src/main.o
 .debug_aranges
                0x0000000000000108       0x20 Core/Src/stm32f4xx_hal_msp.o
 .debug_aranges
                0x0000000000000128       0x30 Core/Src/stm32f4xx_hal_timebase_tim.o
 .debug_aranges
                0x0000000000000158       0x68 Core/Src/stm32f4xx_it.o
 .debug_aranges
                0x00000000000001c0       0x28 Core/Src/system_stm32f4xx.o
 .debug_aranges
                0x00000000000001e8       0x30 Core/Src/tim.o
 .debug_aranges
                0x0000000000000218       0x28 Core/Startup/startup_stm32f405rgtx.o
 .debug_aranges
                0x0000000000000240       0xf0 Drivers/STM32F4xx_HAL_Driver/Src/stm32f4xx_hal.o
 .debug_aranges
                0x0000000000000330      0x138 Drivers/STM32F4xx_HAL_Driver/Src/stm32f4xx_hal_can.o
 .debug_aranges
                0x0000000000000468      0x118 Drivers/STM32F4xx_HAL_Driver/Src/stm32f4xx_hal_cortex.o
 .debug_aranges
                0x0000000000000580       0xc0 Drivers/STM32F4xx_HAL_Driver/Src/stm32f4xx_hal_dac.o
 .debug_aranges
                0x0000000000000640       0x58 Drivers/STM32F4xx_HAL_Driver/Src/stm32f4xx_hal_gpio.o
 .debug_aranges
                0x0000000000000698       0x88 Drivers/STM32F4xx_HAL_Driver/Src/stm32f4xx_hal_rcc.o
 .debug_aranges
                0x0000000000000720      0x3a8 Drivers/STM32F4xx_HAL_Driver/Src/stm32f4xx_hal_tim.o
 .debug_aranges
                0x0000000000000ac8      0x150 Drivers/STM32F4xx_HAL_Driver/Src/stm32f4xx_hal_tim_ex.o
 .debug_aranges
                0x0000000000000c18      0x228 Middlewares/Third_Party/FreeRTOS/Source/CMSIS_RTOS_V2/cmsis_os2.o
 .debug_aranges
                0x0000000000000e40       0x40 Middlewares/Third_Party/FreeRTOS/Source/list.o
 .debug_aranges
                0x0000000000000e80      0x158 Middlewares/Third_Party/FreeRTOS/Source/queue.o
 .debug_aranges
                0x0000000000000fd8      0x1f8 Middlewares/Third_Party/FreeRTOS/Source/tasks.o
 .debug_aranges
                0x00000000000011d0       0xe8 Middlewares/Third_Party/FreeRTOS/Source/timers.o
 .debug_aranges
                0x00000000000012b8       0x80 Middlewares/Third_Party/FreeRTOS/Source/portable/GCC/ARM_CM4F/port.o
 .debug_aranges
                0x0000000000001338       0x50 Middlewares/Third_Party/FreeRTOS/Source/portable/MemMang/heap_4.o

.debug_ranges   0x0000000000000000     0x11f0
 .debug_ranges  0x0000000000000000       0x28 Core/Src/can.o
 .debug_ranges  0x0000000000000028       0x20 Core/Src/dac.o
 .debug_ranges  0x0000000000000048       0x38 Core/Src/freertos.o
 .debug_ranges  0x0000000000000080       0x10 Core/Src/gpio.o
 .debug_ranges  0x0000000000000090       0x28 Core/Src/main.o
 .debug_ranges  0x00000000000000b8       0x10 Core/Src/stm32f4xx_hal_msp.o
 .debug_ranges  0x00000000000000c8       0x20 Core/Src/stm32f4xx_hal_timebase_tim.o
 .debug_ranges  0x00000000000000e8       0x58 Core/Src/stm32f4xx_it.o
 .debug_ranges  0x0000000000000140       0x18 Core/Src/system_stm32f4xx.o
 .debug_ranges  0x0000000000000158       0x20 Core/Src/tim.o
 .debug_ranges  0x0000000000000178       0x20 Core/Startup/startup_stm32f405rgtx.o
 .debug_ranges  0x0000000000000198       0xe0 Drivers/STM32F4xx_HAL_Driver/Src/stm32f4xx_hal.o
 .debug_ranges  0x0000000000000278      0x128 Drivers/STM32F4xx_HAL_Driver/Src/stm32f4xx_hal_can.o
 .debug_ranges  0x00000000000003a0      0x108 Drivers/STM32F4xx_HAL_Driver/Src/stm32f4xx_hal_cortex.o
 .debug_ranges  0x00000000000004a8       0xb0 Drivers/STM32F4xx_HAL_Driver/Src/stm32f4xx_hal_dac.o
 .debug_ranges  0x0000000000000558       0x48 Drivers/STM32F4xx_HAL_Driver/Src/stm32f4xx_hal_gpio.o
 .debug_ranges  0x00000000000005a0       0x78 Drivers/STM32F4xx_HAL_Driver/Src/stm32f4xx_hal_rcc.o
 .debug_ranges  0x0000000000000618      0x398 Drivers/STM32F4xx_HAL_Driver/Src/stm32f4xx_hal_tim.o
 .debug_ranges  0x00000000000009b0      0x140 Drivers/STM32F4xx_HAL_Driver/Src/stm32f4xx_hal_tim_ex.o
 .debug_ranges  0x0000000000000af0      0x218 Middlewares/Third_Party/FreeRTOS/Source/CMSIS_RTOS_V2/cmsis_os2.o
 .debug_ranges  0x0000000000000d08       0x30 Middlewares/Third_Party/FreeRTOS/Source/list.o
 .debug_ranges  0x0000000000000d38      0x148 Middlewares/Third_Party/FreeRTOS/Source/queue.o
 .debug_ranges  0x0000000000000e80      0x1e8 Middlewares/Third_Party/FreeRTOS/Source/tasks.o
 .debug_ranges  0x0000000000001068       0xd8 Middlewares/Third_Party/FreeRTOS/Source/timers.o
 .debug_ranges  0x0000000000001140       0x70 Middlewares/Third_Party/FreeRTOS/Source/portable/GCC/ARM_CM4F/port.o
 .debug_ranges  0x00000000000011b0       0x40 Middlewares/Third_Party/FreeRTOS/Source/portable/MemMang/heap_4.o

.debug_macro    0x0000000000000000    0x2134a
 .debug_macro   0x0000000000000000      0x205 Core/Src/can.o
 .debug_macro   0x0000000000000205      0xa5a Core/Src/can.o
 .debug_macro   0x0000000000000c5f      0x29a Core/Src/can.o
 .debug_macro   0x0000000000000ef9       0x2e Core/Src/can.o
 .debug_macro   0x0000000000000f27       0x2f Core/Src/can.o
 .debug_macro   0x0000000000000f56       0x22 Core/Src/can.o
 .debug_macro   0x0000000000000f78       0x8e Core/Src/can.o
 .debug_macro   0x0000000000001006       0x51 Core/Src/can.o
 .debug_macro   0x0000000000001057       0xef Core/Src/can.o
 .debug_macro   0x0000000000001146       0x6a Core/Src/can.o
 .debug_macro   0x00000000000011b0      0x1df Core/Src/can.o
 .debug_macro   0x000000000000138f       0x1c Core/Src/can.o
 .debug_macro   0x00000000000013ab       0x22 Core/Src/can.o
 .debug_macro   0x00000000000013cd       0xdf Core/Src/can.o
 .debug_macro   0x00000000000014ac     0x102d Core/Src/can.o
 .debug_macro   0x00000000000024d9      0x11f Core/Src/can.o
 .debug_macro   0x00000000000025f8    0x14251 Core/Src/can.o
 .debug_macro   0x0000000000016849       0x43 Core/Src/can.o
 .debug_macro   0x000000000001688c     0x3659 Core/Src/can.o
 .debug_macro   0x0000000000019ee5      0x174 Core/Src/can.o
 .debug_macro   0x000000000001a059       0x5a Core/Src/can.o
 .debug_macro   0x000000000001a0b3      0x8a7 Core/Src/can.o
 .debug_macro   0x000000000001a95a      0x9fe Core/Src/can.o
 .debug_macro   0x000000000001b358      0x117 Core/Src/can.o
 .debug_macro   0x000000000001b46f      0x130 Core/Src/can.o
 .debug_macro   0x000000000001b59f       0x27 Core/Src/can.o
 .debug_macro   0x000000000001b5c6      0x174 Core/Src/can.o
 .debug_macro   0x000000000001b73a      0x287 Core/Src/can.o
 .debug_macro   0x000000000001b9c1       0x5f Core/Src/can.o
 .debug_macro   0x000000000001ba20      0x236 Core/Src/can.o
 .debug_macro   0x000000000001bc56      0x40f Core/Src/can.o
 .debug_macro   0x000000000001c065       0xea Core/Src/can.o
 .debug_macro   0x000000000001c14f       0xa0 Core/Src/can.o
 .debug_macro   0x000000000001c1ef       0x3c Core/Src/can.o
 .debug_macro   0x000000000001c22b      0x12c Core/Src/can.o
 .debug_macro   0x000000000001c357      0x21e Core/Src/can.o
 .debug_macro   0x000000000001c575       0x2e Core/Src/can.o
 .debug_macro   0x000000000001c5a3      0x11a Core/Src/can.o
 .debug_macro   0x000000000001c6bd       0x7e Core/Src/can.o
 .debug_macro   0x000000000001c73b       0x89 Core/Src/can.o
 .debug_macro   0x000000000001c7c4      0x8a0 Core/Src/can.o
 .debug_macro   0x000000000001d064       0x47 Core/Src/can.o
 .debug_macro   0x000000000001d0ab      0x12d Core/Src/can.o
 .debug_macro   0x000000000001d1d8      0x205 Core/Src/dac.o
 .debug_macro   0x000000000001d3dd      0x293 Core/Src/freertos.o
 .debug_macro   0x000000000001d670      0x137 Core/Src/freertos.o
 .debug_macro   0x000000000001d7a7      0x15a Core/Src/freertos.o
 .debug_macro   0x000000000001d901       0xc9 Core/Src/freertos.o
 .debug_macro   0x000000000001d9ca       0x1c Core/Src/freertos.o
 .debug_macro   0x000000000001d9e6       0x26 Core/Src/freertos.o
 .debug_macro   0x000000000001da0c      0x4b0 Core/Src/freertos.o
 .debug_macro   0x000000000001debc       0xb5 Core/Src/freertos.o
 .debug_macro   0x000000000001df71       0xaa Core/Src/freertos.o
 .debug_macro   0x000000000001e01b       0x6c Core/Src/freertos.o
 .debug_macro   0x000000000001e087       0x74 Core/Src/freertos.o
 .debug_macro   0x000000000001e0fb       0xdd Core/Src/freertos.o
 .debug_macro   0x000000000001e1d8      0x205 Core/Src/gpio.o
 .debug_macro   0x000000000001e3dd      0x2b7 Core/Src/main.o
 .debug_macro   0x000000000001e694      0x137 Core/Src/main.o
 .debug_macro   0x000000000001e7cb       0x66 Core/Src/main.o
 .debug_macro   0x000000000001e831      0x1fb Core/Src/stm32f4xx_hal_msp.o
 .debug_macro   0x000000000001ea2c      0x1e7 Core/Src/stm32f4xx_hal_timebase_tim.o
 .debug_macro   0x000000000001ec13      0x205 Core/Src/stm32f4xx_it.o
 .debug_macro   0x000000000001ee18      0x1ed Core/Src/system_stm32f4xx.o
 .debug_macro   0x000000000001f005      0x205 Core/Src/tim.o
 .debug_macro   0x000000000001f20a      0x247 Drivers/STM32F4xx_HAL_Driver/Src/stm32f4xx_hal.o
 .debug_macro   0x000000000001f451      0x1ef Drivers/STM32F4xx_HAL_Driver/Src/stm32f4xx_hal_can.o
 .debug_macro   0x000000000001f640      0x1e7 Drivers/STM32F4xx_HAL_Driver/Src/stm32f4xx_hal_cortex.o
 .debug_macro   0x000000000001f827      0x1e8 Drivers/STM32F4xx_HAL_Driver/Src/stm32f4xx_hal_dac.o
 .debug_macro   0x000000000001fa0f      0x21d Drivers/STM32F4xx_HAL_Driver/Src/stm32f4xx_hal_gpio.o
 .debug_macro   0x000000000001fc2c      0x20b Drivers/STM32F4xx_HAL_Driver/Src/stm32f4xx_hal_rcc.o
 .debug_macro   0x000000000001fe37      0x1e8 Drivers/STM32F4xx_HAL_Driver/Src/stm32f4xx_hal_tim.o
 .debug_macro   0x000000000002001f      0x1e7 Drivers/STM32F4xx_HAL_Driver/Src/stm32f4xx_hal_tim_ex.o
 .debug_macro   0x0000000000020206      0x23a Middlewares/Third_Party/FreeRTOS/Source/CMSIS_RTOS_V2/cmsis_os2.o
 .debug_macro   0x0000000000020440       0x10 Middlewares/Third_Party/FreeRTOS/Source/CMSIS_RTOS_V2/cmsis_os2.o
 .debug_macro   0x0000000000020450       0x20 Middlewares/Third_Party/FreeRTOS/Source/CMSIS_RTOS_V2/cmsis_os2.o
 .debug_macro   0x0000000000020470       0x10 Middlewares/Third_Party/FreeRTOS/Source/CMSIS_RTOS_V2/cmsis_os2.o
 .debug_macro   0x0000000000020480       0xd3 Middlewares/Third_Party/FreeRTOS/Source/CMSIS_RTOS_V2/cmsis_os2.o
 .debug_macro   0x0000000000020553       0x91 Middlewares/Third_Party/FreeRTOS/Source/CMSIS_RTOS_V2/cmsis_os2.o
 .debug_macro   0x00000000000205e4       0x8d Middlewares/Third_Party/FreeRTOS/Source/CMSIS_RTOS_V2/cmsis_os2.o
 .debug_macro   0x0000000000020671       0x9a Middlewares/Third_Party/FreeRTOS/Source/CMSIS_RTOS_V2/cmsis_os2.o
 .debug_macro   0x000000000002070b      0x17a Middlewares/Third_Party/FreeRTOS/Source/list.o
 .debug_macro   0x0000000000020885      0x209 Middlewares/Third_Party/FreeRTOS/Source/queue.o
 .debug_macro   0x0000000000020a8e       0x16 Middlewares/Third_Party/FreeRTOS/Source/queue.o
 .debug_macro   0x0000000000020aa4       0x87 Middlewares/Third_Party/FreeRTOS/Source/queue.o
 .debug_macro   0x0000000000020b2b      0x272 Middlewares/Third_Party/FreeRTOS/Source/tasks.o
 .debug_macro   0x0000000000020d9d       0x10 Middlewares/Third_Party/FreeRTOS/Source/tasks.o
 .debug_macro   0x0000000000020dad      0x1cf Middlewares/Third_Party/FreeRTOS/Source/timers.o
 .debug_macro   0x0000000000020f7c       0x97 Middlewares/Third_Party/FreeRTOS/Source/timers.o
 .debug_macro   0x0000000000021013      0x196 Middlewares/Third_Party/FreeRTOS/Source/portable/GCC/ARM_CM4F/port.o
 .debug_macro   0x00000000000211a9      0x1a1 Middlewares/Third_Party/FreeRTOS/Source/portable/MemMang/heap_4.o

.debug_line     0x0000000000000000    0x10beb
 .debug_line    0x0000000000000000      0x731 Core/Src/can.o
 .debug_line    0x0000000000000731      0x707 Core/Src/dac.o
 .debug_line    0x0000000000000e38      0x9d4 Core/Src/freertos.o
 .debug_line    0x000000000000180c      0x6df Core/Src/gpio.o
 .debug_line    0x0000000000001eeb      0x8b7 Core/Src/main.o
 .debug_line    0x00000000000027a2      0x6de Core/Src/stm32f4xx_hal_msp.o
 .debug_line    0x0000000000002e80      0x701 Core/Src/stm32f4xx_hal_timebase_tim.o
 .debug_line    0x0000000000003581      0x796 Core/Src/stm32f4xx_it.o
 .debug_line    0x0000000000003d17      0x6e8 Core/Src/system_stm32f4xx.o
 .debug_line    0x00000000000043ff      0x718 Core/Src/tim.o
 .debug_line    0x0000000000004b17       0x85 Core/Startup/startup_stm32f405rgtx.o
 .debug_line    0x0000000000004b9c      0x8d2 Drivers/STM32F4xx_HAL_Driver/Src/stm32f4xx_hal.o
 .debug_line    0x000000000000546e      0xb7b Drivers/STM32F4xx_HAL_Driver/Src/stm32f4xx_hal_can.o
 .debug_line    0x0000000000005fe9      0x9f6 Drivers/STM32F4xx_HAL_Driver/Src/stm32f4xx_hal_cortex.o
 .debug_line    0x00000000000069df      0x926 Drivers/STM32F4xx_HAL_Driver/Src/stm32f4xx_hal_dac.o
 .debug_line    0x0000000000007305      0x8b1 Drivers/STM32F4xx_HAL_Driver/Src/stm32f4xx_hal_gpio.o
 .debug_line    0x0000000000007bb6      0x92a Drivers/STM32F4xx_HAL_Driver/Src/stm32f4xx_hal_rcc.o
 .debug_line    0x00000000000084e0     0x194b Drivers/STM32F4xx_HAL_Driver/Src/stm32f4xx_hal_tim.o
 .debug_line    0x0000000000009e2b      0xce8 Drivers/STM32F4xx_HAL_Driver/Src/stm32f4xx_hal_tim_ex.o
 .debug_line    0x000000000000ab13     0x1df3 Middlewares/Third_Party/FreeRTOS/Source/CMSIS_RTOS_V2/cmsis_os2.o
 .debug_line    0x000000000000c906      0x63f Middlewares/Third_Party/FreeRTOS/Source/list.o
 .debug_line    0x000000000000cf45     0x10d4 Middlewares/Third_Party/FreeRTOS/Source/queue.o
 .debug_line    0x000000000000e019     0x13dc Middlewares/Third_Party/FreeRTOS/Source/tasks.o
 .debug_line    0x000000000000f3f5      0xa52 Middlewares/Third_Party/FreeRTOS/Source/timers.o
 .debug_line    0x000000000000fe47      0x67f Middlewares/Third_Party/FreeRTOS/Source/portable/GCC/ARM_CM4F/port.o
 .debug_line    0x00000000000104c6      0x725 Middlewares/Third_Party/FreeRTOS/Source/portable/MemMang/heap_4.o

.debug_str      0x0000000000000000    0xc9fff
 .debug_str     0x0000000000000000    0xb98d9 Core/Src/can.o
                                      0xb9be9 (size before relaxing)
 .debug_str     0x00000000000b98d9      0x39e Core/Src/dac.o
                                      0xb9781 (size before relaxing)
 .debug_str     0x00000000000b9c77     0x5349 Core/Src/freertos.o
                                      0xbeb9f (size before relaxing)
 .debug_str     0x00000000000befc0       0x48 Core/Src/gpio.o
                                      0xb9246 (size before relaxing)
 .debug_str     0x00000000000bf008      0x1b1 Core/Src/main.o
                                      0xbe298 (size before relaxing)
 .debug_str     0x00000000000bf1b9       0x2c Core/Src/stm32f4xx_hal_msp.o
                                      0xb9676 (size before relaxing)
 .debug_str     0x00000000000bf1e5       0xaa Core/Src/stm32f4xx_hal_timebase_tim.o
                                      0xb9b79 (size before relaxing)
 .debug_str     0x00000000000bf28f       0xd8 Core/Src/stm32f4xx_it.o
                                      0xb97ea (size before relaxing)
 .debug_str     0x00000000000bf367       0xc4 Core/Src/system_stm32f4xx.o
                                      0xb9224 (size before relaxing)
 .debug_str     0x00000000000bf42b      0x131 Core/Src/tim.o
                                      0xb9901 (size before relaxing)
 .debug_str     0x00000000000bf55c       0x75 Core/Startup/startup_stm32f405rgtx.o
 .debug_str     0x00000000000bf5d1      0x542 Drivers/STM32F4xx_HAL_Driver/Src/stm32f4xx_hal.o
                                      0xb9cd0 (size before relaxing)
 .debug_str     0x00000000000bfb13      0x456 Drivers/STM32F4xx_HAL_Driver/Src/stm32f4xx_hal_can.o
                                      0xb991b (size before relaxing)
 .debug_str     0x00000000000bff69      0x389 Drivers/STM32F4xx_HAL_Driver/Src/stm32f4xx_hal_cortex.o
                                      0xb9abf (size before relaxing)
 .debug_str     0x00000000000c02f2      0x1cd Drivers/STM32F4xx_HAL_Driver/Src/stm32f4xx_hal_dac.o
                                      0xb9648 (size before relaxing)
 .debug_str     0x00000000000c04bf      0x20c Drivers/STM32F4xx_HAL_Driver/Src/stm32f4xx_hal_gpio.o
                                      0xb9463 (size before relaxing)
 .debug_str     0x00000000000c06cb      0x24f Drivers/STM32F4xx_HAL_Driver/Src/stm32f4xx_hal_rcc.o
                                      0xb9611 (size before relaxing)
 .debug_str     0x00000000000c091a      0xcab Drivers/STM32F4xx_HAL_Driver/Src/stm32f4xx_hal_tim.o
                                      0xba330 (size before relaxing)
 .debug_str     0x00000000000c15c5      0x4a2 Drivers/STM32F4xx_HAL_Driver/Src/stm32f4xx_hal_tim_ex.o